00:45:16 **** Incremental Build of configuration Debug for project UART_Oscilloscope ****
make -j12 all 
arm-none-eabi-gcc "../Core/Src/main.c" -mcpu=cortex-m4 -std=gnu11 -g3 -DDEBUG -DUSE_HAL_DRIVER -DSTM32F407xx -c -I../USB_HOST/App -I../USB_HOST/Target -I../Core/Inc -I../Drivers/STM32F4xx_HAL_Driver/Inc -I../Drivers/STM32F4xx_HAL_Driver/Inc/Legacy -I../Middlewares/ST/STM32_USB_Host_Library/Core/Inc -I../Middlewares/ST/STM32_USB_Host_Library/Class/CDC/Inc -I../Drivers/CMSIS/Device/ST/STM32F4xx/Include -I../Drivers/CMSIS/Include -O0 -ffunction-sections -fdata-sections -Wall -fstack-usage -fcyclomatic-complexity -MMD -MP -MF"Core/Src/main.d" -MT"Core/Src/main.o" --specs=nano.specs -mfpu=fpv4-sp-d16 -mfloat-abi=hard -mthumb -o "Core/Src/main.o"
arm-none-eabi-gcc -o "UART_Oscilloscope.elf" @"objects.list"   -mcpu=cortex-m4 -T"E:\Courses\23-24-II\Introduction of Measurement and Digital Control\2324II-Measurement-and-Digital-Control\Weekly Projects\UART_Oscilloscope\STM32F407VGTX_FLASH.ld" --specs=nosys.specs -Wl,-Map="UART_Oscilloscope.map" -Wl,--gc-sections -static --specs=nano.specs -mfpu=fpv4-sp-d16 -mfloat-abi=hard -mthumb -Wl,--start-group -lc -lm -Wl,--end-group
Finished building target: UART_Oscilloscope.elf
 
arm-none-eabi-size  UART_Oscilloscope.elf 
arm-none-eabi-objdump -h -S UART_Oscilloscope.elf  > "UART_Oscilloscope.list"
   text	   data	    bss	    dec	    hex	filename
  31180	    124	   4028	  35332	   8a04	UART_Oscilloscope.elf
Finished building: default.size.stdout
 
Finished building: UART_Oscilloscope.list
 
10:52:13 **** Build of configuration Debug for project UART_Oscilloscope ****
make -j12 all 
arm-none-eabi-gcc "../USB_HOST/Target/usbh_conf.c" -mcpu=cortex-m4 -std=gnu11 -g3 -DDEBUG -DUSE_HAL_DRIVER -DSTM32F407xx -c -I../USB_HOST/App -I../USB_HOST/Target -I../Core/Inc -I../Drivers/STM32F4xx_HAL_Driver/Inc -I../Drivers/STM32F4xx_HAL_Driver/Inc/Legacy -I../Middlewares/ST/STM32_USB_Host_Library/Core/Inc -I../Middlewares/ST/STM32_USB_Host_Library/Class/CDC/Inc -I../Drivers/CMSIS/Device/ST/STM32F4xx/Include -I../Drivers/CMSIS/Include -O0 -ffunction-sections -fdata-sections -Wall -fstack-usage -fcyclomatic-complexity -MMD -MP -MF"USB_HOST/Target/usbh_conf.d" -MT"USB_HOST/Target/usbh_conf.o" --specs=nano.specs -mfpu=fpv4-sp-d16 -mfloat-abi=hard -mthumb -o "USB_HOST/Target/usbh_conf.o"
arm-none-eabi-gcc "../USB_HOST/App/usb_host.c" -mcpu=cortex-m4 -std=gnu11 -g3 -DDEBUG -DUSE_HAL_DRIVER -DSTM32F407xx -c -I../USB_HOST/App -I../USB_HOST/Target -I../Core/Inc -I../Drivers/STM32F4xx_HAL_Driver/Inc -I../Drivers/STM32F4xx_HAL_Driver/Inc/Legacy -I../Middlewares/ST/STM32_USB_Host_Library/Core/Inc -I../Middlewares/ST/STM32_USB_Host_Library/Class/CDC/Inc -I../Drivers/CMSIS/Device/ST/STM32F4xx/Include -I../Drivers/CMSIS/Include -O0 -ffunction-sections -fdata-sections -Wall -fstack-usage -fcyclomatic-complexity -MMD -MP -MF"USB_HOST/App/usb_host.d" -MT"USB_HOST/App/usb_host.o" --specs=nano.specs -mfpu=fpv4-sp-d16 -mfloat-abi=hard -mthumb -o "USB_HOST/App/usb_host.o"
arm-none-eabi-gcc "../Middlewares/ST/STM32_USB_Host_Library/Core/Src/usbh_core.c" -mcpu=cortex-m4 -std=gnu11 -g3 -DDEBUG -DUSE_HAL_DRIVER -DSTM32F407xx -c -I../USB_HOST/App -I../USB_HOST/Target -I../Core/Inc -I../Drivers/STM32F4xx_HAL_Driver/Inc -I../Drivers/STM32F4xx_HAL_Driver/Inc/Legacy -I../Middlewares/ST/STM32_USB_Host_Library/Core/Inc -I../Middlewares/ST/STM32_USB_Host_Library/Class/CDC/Inc -I../Drivers/CMSIS/Device/ST/STM32F4xx/Include -I../Drivers/CMSIS/Include -O0 -ffunction-sections -fdata-sections -Wall -fstack-usage -fcyclomatic-complexity -MMD -MP -MF"Middlewares/ST/STM32_USB_Host_Library/Core/Src/usbh_core.d" -MT"Middlewares/ST/STM32_USB_Host_Library/Core/Src/usbh_core.o" --specs=nano.specs -mfpu=fpv4-sp-d16 -mfloat-abi=hard -mthumb -o "Middlewares/ST/STM32_USB_Host_Library/Core/Src/usbh_core.o"
arm-none-eabi-gcc "../Middlewares/ST/STM32_USB_Host_Library/Core/Src/usbh_ctlreq.c" -mcpu=cortex-m4 -std=gnu11 -g3 -DDEBUG -DUSE_HAL_DRIVER -DSTM32F407xx -c -I../USB_HOST/App -I../USB_HOST/Target -I../Core/Inc -I../Drivers/STM32F4xx_HAL_Driver/Inc -I../Drivers/STM32F4xx_HAL_Driver/Inc/Legacy -I../Middlewares/ST/STM32_USB_Host_Library/Core/Inc -I../Middlewares/ST/STM32_USB_Host_Library/Class/CDC/Inc -I../Drivers/CMSIS/Device/ST/STM32F4xx/Include -I../Drivers/CMSIS/Include -O0 -ffunction-sections -fdata-sections -Wall -fstack-usage -fcyclomatic-complexity -MMD -MP -MF"Middlewares/ST/STM32_USB_Host_Library/Core/Src/usbh_ctlreq.d" -MT"Middlewares/ST/STM32_USB_Host_Library/Core/Src/usbh_ctlreq.o" --specs=nano.specs -mfpu=fpv4-sp-d16 -mfloat-abi=hard -mthumb -o "Middlewares/ST/STM32_USB_Host_Library/Core/Src/usbh_ctlreq.o"
arm-none-eabi-gcc "../Middlewares/ST/STM32_USB_Host_Library/Core/Src/usbh_ioreq.c" -mcpu=cortex-m4 -std=gnu11 -g3 -DDEBUG -DUSE_HAL_DRIVER -DSTM32F407xx -c -I../USB_HOST/App -I../USB_HOST/Target -I../Core/Inc -I../Drivers/STM32F4xx_HAL_Driver/Inc -I../Drivers/STM32F4xx_HAL_Driver/Inc/Legacy -I../Middlewares/ST/STM32_USB_Host_Library/Core/Inc -I../Middlewares/ST/STM32_USB_Host_Library/Class/CDC/Inc -I../Drivers/CMSIS/Device/ST/STM32F4xx/Include -I../Drivers/CMSIS/Include -O0 -ffunction-sections -fdata-sections -Wall -fstack-usage -fcyclomatic-complexity -MMD -MP -MF"Middlewares/ST/STM32_USB_Host_Library/Core/Src/usbh_ioreq.d" -MT"Middlewares/ST/STM32_USB_Host_Library/Core/Src/usbh_ioreq.o" --specs=nano.specs -mfpu=fpv4-sp-d16 -mfloat-abi=hard -mthumb -o "Middlewares/ST/STM32_USB_Host_Library/Core/Src/usbh_ioreq.o"
arm-none-eabi-gcc "../Middlewares/ST/STM32_USB_Host_Library/Core/Src/usbh_pipes.c" -mcpu=cortex-m4 -std=gnu11 -g3 -DDEBUG -DUSE_HAL_DRIVER -DSTM32F407xx -c -I../USB_HOST/App -I../USB_HOST/Target -I../Core/Inc -I../Drivers/STM32F4xx_HAL_Driver/Inc -I../Drivers/STM32F4xx_HAL_Driver/Inc/Legacy -I../Middlewares/ST/STM32_USB_Host_Library/Core/Inc -I../Middlewares/ST/STM32_USB_Host_Library/Class/CDC/Inc -I../Drivers/CMSIS/Device/ST/STM32F4xx/Include -I../Drivers/CMSIS/Include -O0 -ffunction-sections -fdata-sections -Wall -fstack-usage -fcyclomatic-complexity -MMD -MP -MF"Middlewares/ST/STM32_USB_Host_Library/Core/Src/usbh_pipes.d" -MT"Middlewares/ST/STM32_USB_Host_Library/Core/Src/usbh_pipes.o" --specs=nano.specs -mfpu=fpv4-sp-d16 -mfloat-abi=hard -mthumb -o "Middlewares/ST/STM32_USB_Host_Library/Core/Src/usbh_pipes.o"
arm-none-eabi-gcc "../Middlewares/ST/STM32_USB_Host_Library/Class/CDC/Src/usbh_cdc.c" -mcpu=cortex-m4 -std=gnu11 -g3 -DDEBUG -DUSE_HAL_DRIVER -DSTM32F407xx -c -I../USB_HOST/App -I../USB_HOST/Target -I../Core/Inc -I../Drivers/STM32F4xx_HAL_Driver/Inc -I../Drivers/STM32F4xx_HAL_Driver/Inc/Legacy -I../Middlewares/ST/STM32_USB_Host_Library/Core/Inc -I../Middlewares/ST/STM32_USB_Host_Library/Class/CDC/Inc -I../Drivers/CMSIS/Device/ST/STM32F4xx/Include -I../Drivers/CMSIS/Include -O0 -ffunction-sections -fdata-sections -Wall -fstack-usage -fcyclomatic-complexity -MMD -MP -MF"Middlewares/ST/STM32_USB_Host_Library/Class/CDC/Src/usbh_cdc.d" -MT"Middlewares/ST/STM32_USB_Host_Library/Class/CDC/Src/usbh_cdc.o" --specs=nano.specs -mfpu=fpv4-sp-d16 -mfloat-abi=hard -mthumb -o "Middlewares/ST/STM32_USB_Host_Library/Class/CDC/Src/usbh_cdc.o"
arm-none-eabi-gcc "../Core/Src/main.c" -mcpu=cortex-m4 -std=gnu11 -g3 -DDEBUG -DUSE_HAL_DRIVER -DSTM32F407xx -c -I../USB_HOST/App -I../USB_HOST/Target -I../Core/Inc -I../Drivers/STM32F4xx_HAL_Driver/Inc -I../Drivers/STM32F4xx_HAL_Driver/Inc/Legacy -I../Middlewares/ST/STM32_USB_Host_Library/Core/Inc -I../Middlewares/ST/STM32_USB_Host_Library/Class/CDC/Inc -I../Drivers/CMSIS/Device/ST/STM32F4xx/Include -I../Drivers/CMSIS/Include -O0 -ffunction-sections -fdata-sections -Wall -fstack-usage -fcyclomatic-complexity -MMD -MP -MF"Core/Src/main.d" -MT"Core/Src/main.o" --specs=nano.specs -mfpu=fpv4-sp-d16 -mfloat-abi=hard -mthumb -o "Core/Src/main.o"
arm-none-eabi-gcc "../Core/Src/stm32f4xx_hal_msp.c" -mcpu=cortex-m4 -std=gnu11 -g3 -DDEBUG -DUSE_HAL_DRIVER -DSTM32F407xx -c -I../USB_HOST/App -I../USB_HOST/Target -I../Core/Inc -I../Drivers/STM32F4xx_HAL_Driver/Inc -I../Drivers/STM32F4xx_HAL_Driver/Inc/Legacy -I../Middlewares/ST/STM32_USB_Host_Library/Core/Inc -I../Middlewares/ST/STM32_USB_Host_Library/Class/CDC/Inc -I../Drivers/CMSIS/Device/ST/STM32F4xx/Include -I../Drivers/CMSIS/Include -O0 -ffunction-sections -fdata-sections -Wall -fstack-usage -fcyclomatic-complexity -MMD -MP -MF"Core/Src/stm32f4xx_hal_msp.d" -MT"Core/Src/stm32f4xx_hal_msp.o" --specs=nano.specs -mfpu=fpv4-sp-d16 -mfloat-abi=hard -mthumb -o "Core/Src/stm32f4xx_hal_msp.o"
arm-none-eabi-gcc "../Core/Src/stm32f4xx_it.c" -mcpu=cortex-m4 -std=gnu11 -g3 -DDEBUG -DUSE_HAL_DRIVER -DSTM32F407xx -c -I../USB_HOST/App -I../USB_HOST/Target -I../Core/Inc -I../Drivers/STM32F4xx_HAL_Driver/Inc -I../Drivers/STM32F4xx_HAL_Driver/Inc/Legacy -I../Middlewares/ST/STM32_USB_Host_Library/Core/Inc -I../Middlewares/ST/STM32_USB_Host_Library/Class/CDC/Inc -I../Drivers/CMSIS/Device/ST/STM32F4xx/Include -I../Drivers/CMSIS/Include -O0 -ffunction-sections -fdata-sections -Wall -fstack-usage -fcyclomatic-complexity -MMD -MP -MF"Core/Src/stm32f4xx_it.d" -MT"Core/Src/stm32f4xx_it.o" --specs=nano.specs -mfpu=fpv4-sp-d16 -mfloat-abi=hard -mthumb -o "Core/Src/stm32f4xx_it.o"
arm-none-eabi-gcc -o "UART_Oscilloscope.elf" @"objects.list"   -mcpu=cortex-m4 -T"E:\Courses\23-24-II\Introduction of Measurement and Digital Control\2324II-Measurement-and-Digital-Control\Weekly Projects\UART_Oscilloscope\STM32F407VGTX_FLASH.ld" --specs=nosys.specs -Wl,-Map="UART_Oscilloscope.map" -Wl,--gc-sections -static --specs=nano.specs -mfpu=fpv4-sp-d16 -mfloat-abi=hard -mthumb -Wl,--start-group -lc -lm -Wl,--end-group
Finished building target: UART_Oscilloscope.elf
 
arm-none-eabi-size  UART_Oscilloscope.elf 
arm-none-eabi-objdump -h -S UART_Oscilloscope.elf  > "UART_Oscilloscope.list"
   text	   data	    bss	    dec	    hex	filename
  35440	    124	   4028	  39592	   9aa8	UART_Oscilloscope.elf
Finished building: default.size.stdout
 
Finished building: UART_Oscilloscope.list
 
11:07:53 **** Incremental Build of configuration Debug for project UART_Oscilloscope ****
make -j12 all 
arm-none-eabi-gcc "../Core/Src/main.c" -mcpu=cortex-m4 -std=gnu11 -g3 -DDEBUG -DUSE_HAL_DRIVER -DSTM32F407xx -c -I../USB_HOST/App -I../USB_HOST/Target -I../Core/Inc -I../Drivers/STM32F4xx_HAL_Driver/Inc -I../Drivers/STM32F4xx_HAL_Driver/Inc/Legacy -I../Middlewares/ST/STM32_USB_Host_Library/Core/Inc -I../Middlewares/ST/STM32_USB_Host_Library/Class/CDC/Inc -I../Drivers/CMSIS/Device/ST/STM32F4xx/Include -I../Drivers/CMSIS/Include -O0 -ffunction-sections -fdata-sections -Wall -fstack-usage -fcyclomatic-complexity -MMD -MP -MF"Core/Src/main.d" -MT"Core/Src/main.o" --specs=nano.specs -mfpu=fpv4-sp-d16 -mfloat-abi=hard -mthumb -o "Core/Src/main.o"
../Core/Src/main.c: In function 'main':
../Core/Src/main.c:102:28: warning: implicit declaration of function 'calloc' [-Wimplicit-function-declaration]
  102 |   char * buffer = (char *) calloc(10, sizeof(char));
      |                            ^~~~~~
../Core/Src/main.c:22:1: note: include '<stdlib.h>' or provide a declaration of 'calloc'
   21 | #include "usb_host.h"
  +++ |+#include <stdlib.h>
   22 | 
../Core/Src/main.c:102:28: warning: incompatible implicit declaration of built-in function 'calloc' [-Wbuiltin-declaration-mismatch]
  102 |   char * buffer = (char *) calloc(10, sizeof(char));
      |                            ^~~~~~
../Core/Src/main.c:102:28: note: include '<stdlib.h>' or provide a declaration of 'calloc'
../Core/Src/main.c:111:19: warning: implicit declaration of function 'snprintf' [-Wimplicit-function-declaration]
  111 |                   snprintf(buffer, sizeof(buffer), "%lu\n", value);
      |                   ^~~~~~~~
../Core/Src/main.c:22:1: note: include '<stdio.h>' or provide a declaration of 'snprintf'
   21 | #include "usb_host.h"
  +++ |+#include <stdio.h>
   22 | 
../Core/Src/main.c:111:19: warning: incompatible implicit declaration of built-in function 'snprintf' [-Wbuiltin-declaration-mismatch]
  111 |                   snprintf(buffer, sizeof(buffer), "%lu\n", value);
      |                   ^~~~~~~~
../Core/Src/main.c:111:19: note: include '<stdio.h>' or provide a declaration of 'snprintf'
../Core/Src/main.c:111:42: warning: argument to 'sizeof' in 'snprintf' call is the same expression as the destination; did you mean to provide an explicit length? [-Wsizeof-pointer-memaccess]
  111 |                   snprintf(buffer, sizeof(buffer), "%lu\n", value);
      |                                          ^
arm-none-eabi-gcc -o "UART_Oscilloscope.elf" @"objects.list"   -mcpu=cortex-m4 -T"E:\Courses\23-24-II\Introduction of Measurement and Digital Control\2324II-Measurement-and-Digital-Control\Weekly Projects\UART_Oscilloscope\STM32F407VGTX_FLASH.ld" --specs=nosys.specs -Wl,-Map="UART_Oscilloscope.map" -Wl,--gc-sections -static --specs=nano.specs -mfpu=fpv4-sp-d16 -mfloat-abi=hard -mthumb -Wl,--start-group -lc -lm -Wl,--end-group
Finished building target: UART_Oscilloscope.elf
 
arm-none-eabi-size  UART_Oscilloscope.elf 
arm-none-eabi-objdump -h -S UART_Oscilloscope.elf  > "UART_Oscilloscope.list"
   text	   data	    bss	    dec	    hex	filename
  37516	    124	   4028	  41668	   a2c4	UART_Oscilloscope.elf
Finished building: default.size.stdout
 
Finished building: UART_Oscilloscope.list
 
11:15:28 **** Incremental Build of configuration Debug for project UART_Oscilloscope ****
make -j12 all 
arm-none-eabi-gcc "../Core/Src/main.c" -mcpu=cortex-m4 -std=gnu11 -g3 -DDEBUG -DUSE_HAL_DRIVER -DSTM32F407xx -c -I../USB_HOST/App -I../USB_HOST/Target -I../Core/Inc -I../Drivers/STM32F4xx_HAL_Driver/Inc -I../Drivers/STM32F4xx_HAL_Driver/Inc/Legacy -I../Middlewares/ST/STM32_USB_Host_Library/Core/Inc -I../Middlewares/ST/STM32_USB_Host_Library/Class/CDC/Inc -I../Drivers/CMSIS/Device/ST/STM32F4xx/Include -I../Drivers/CMSIS/Include -O0 -ffunction-sections -fdata-sections -Wall -fstack-usage -fcyclomatic-complexity -MMD -MP -MF"Core/Src/main.d" -MT"Core/Src/main.o" --specs=nano.specs -mfpu=fpv4-sp-d16 -mfloat-abi=hard -mthumb -o "Core/Src/main.o"
../Core/Src/main.c: In function 'main':
../Core/Src/main.c:114:41: warning: pointer targets in passing argument 2 of 'HAL_UART_Receive' differ in signedness [-Wpointer-sign]
  114 |           if (HAL_UART_Receive(&huart5, &c, 1, 500)==HAL_OK){
      |                                         ^~
      |                                         |
      |                                         char *
In file included from ../Core/Inc/stm32f4xx_hal_conf.h:411,
                 from ../Drivers/STM32F4xx_HAL_Driver/Inc/stm32f4xx_hal.h:29,
                 from ../Core/Inc/main.h:30,
                 from ../Core/Src/main.c:20:
../Drivers/STM32F4xx_HAL_Driver/Inc/stm32f4xx_hal_uart.h:746:72: note: expected 'uint8_t *' {aka 'unsigned char *'} but argument is of type 'char *'
  746 | HAL_StatusTypeDef HAL_UART_Receive(UART_HandleTypeDef *huart, uint8_t *pData, uint16_t Size, uint32_t Timeout);
      |                                                               ~~~~~~~~~^~~~~
../Core/Src/main.c:115:46: warning: pointer targets in passing argument 2 of 'HAL_UART_Transmit' differ in signedness [-Wpointer-sign]
  115 |                   HAL_UART_Transmit(&huart5, &c, 1, 500);
      |                                              ^~
      |                                              |
      |                                              char *
../Drivers/STM32F4xx_HAL_Driver/Inc/stm32f4xx_hal_uart.h:745:79: note: expected 'const uint8_t *' {aka 'const unsigned char *'} but argument is of type 'char *'
  745 | HAL_StatusTypeDef HAL_UART_Transmit(UART_HandleTypeDef *huart, const uint8_t *pData, uint16_t Size, uint32_t Timeout);
      |                                                                ~~~~~~~~~~~~~~~^~~~~
../Core/Src/main.c:176:13: error: invalid storage class for function 'MX_ADC1_Init'
  176 | static void MX_ADC1_Init(void)
      |             ^~~~~~~~~~~~
../Core/Src/main.c:228:13: error: invalid storage class for function 'MX_UART5_Init'
  228 | static void MX_UART5_Init(void)
      |             ^~~~~~~~~~~~~
../Core/Src/main.c:261:13: error: invalid storage class for function 'MX_GPIO_Init'
  261 | static void MX_GPIO_Init(void)
      |             ^~~~~~~~~~~~
../Core/Src/main.c:361:1: error: expected declaration or statement at end of input
  361 | }
      | ^
../Core/Src/main.c: At top level:
../Core/Src/main.c:54:13: warning: 'MX_GPIO_Init' used but never defined
   54 | static void MX_GPIO_Init(void);
      |             ^~~~~~~~~~~~
../Core/Src/main.c:55:13: warning: 'MX_UART5_Init' used but never defined
   55 | static void MX_UART5_Init(void);
      |             ^~~~~~~~~~~~~
../Core/Src/main.c:56:13: warning: 'MX_ADC1_Init' used but never defined
   56 | static void MX_ADC1_Init(void);
      |             ^~~~~~~~~~~~
../Core/Src/main.c:352:6: warning: 'Error_Handler' defined but not used [-Wunused-function]
  352 | void Error_Handler(void)
      |      ^~~~~~~~~~~~~
../Core/Src/main.c:261:13: warning: 'MX_GPIO_Init' defined but not used [-Wunused-function]
  261 | static void MX_GPIO_Init(void)
      |             ^~~~~~~~~~~~
../Core/Src/main.c:228:13: warning: 'MX_UART5_Init' defined but not used [-Wunused-function]
  228 | static void MX_UART5_Init(void)
      |             ^~~~~~~~~~~~~
../Core/Src/main.c:176:13: warning: 'MX_ADC1_Init' defined but not used [-Wunused-function]
  176 | static void MX_ADC1_Init(void)
      |             ^~~~~~~~~~~~
../Core/Src/main.c:130:6: warning: 'SystemClock_Config' defined but not used [-Wunused-function]
  130 | void SystemClock_Config(void)
      |      ^~~~~~~~~~~~~~~~~~
make: *** [Core/Src/subdir.mk:34: Core/Src/main.o] Error 1
"make -j12 all" terminated with exit code 2. Build might be incomplete.
11:15:43 **** Incremental Build of configuration Debug for project UART_Oscilloscope ****
make -j12 all 
arm-none-eabi-gcc "../Core/Src/main.c" -mcpu=cortex-m4 -std=gnu11 -g3 -DDEBUG -DUSE_HAL_DRIVER -DSTM32F407xx -c -I../USB_HOST/App -I../USB_HOST/Target -I../Core/Inc -I../Drivers/STM32F4xx_HAL_Driver/Inc -I../Drivers/STM32F4xx_HAL_Driver/Inc/Legacy -I../Middlewares/ST/STM32_USB_Host_Library/Core/Inc -I../Middlewares/ST/STM32_USB_Host_Library/Class/CDC/Inc -I../Drivers/CMSIS/Device/ST/STM32F4xx/Include -I../Drivers/CMSIS/Include -O0 -ffunction-sections -fdata-sections -Wall -fstack-usage -fcyclomatic-complexity -MMD -MP -MF"Core/Src/main.d" -MT"Core/Src/main.o" --specs=nano.specs -mfpu=fpv4-sp-d16 -mfloat-abi=hard -mthumb -o "Core/Src/main.o"
../Core/Src/main.c: In function 'main':
../Core/Src/main.c:114:41: warning: pointer targets in passing argument 2 of 'HAL_UART_Receive' differ in signedness [-Wpointer-sign]
  114 |           if (HAL_UART_Receive(&huart5, &c, 1, 500)==HAL_OK){
      |                                         ^~
      |                                         |
      |                                         char *
In file included from ../Core/Inc/stm32f4xx_hal_conf.h:411,
                 from ../Drivers/STM32F4xx_HAL_Driver/Inc/stm32f4xx_hal.h:29,
                 from ../Core/Inc/main.h:30,
                 from ../Core/Src/main.c:20:
../Drivers/STM32F4xx_HAL_Driver/Inc/stm32f4xx_hal_uart.h:746:72: note: expected 'uint8_t *' {aka 'unsigned char *'} but argument is of type 'char *'
  746 | HAL_StatusTypeDef HAL_UART_Receive(UART_HandleTypeDef *huart, uint8_t *pData, uint16_t Size, uint32_t Timeout);
      |                                                               ~~~~~~~~~^~~~~
../Core/Src/main.c:115:46: warning: pointer targets in passing argument 2 of 'HAL_UART_Transmit' differ in signedness [-Wpointer-sign]
  115 |                   HAL_UART_Transmit(&huart5, &c, 1, 500);
      |                                              ^~
      |                                              |
      |                                              char *
../Drivers/STM32F4xx_HAL_Driver/Inc/stm32f4xx_hal_uart.h:745:79: note: expected 'const uint8_t *' {aka 'const unsigned char *'} but argument is of type 'char *'
  745 | HAL_StatusTypeDef HAL_UART_Transmit(UART_HandleTypeDef *huart, const uint8_t *pData, uint16_t Size, uint32_t Timeout);
      |                                                                ~~~~~~~~~~~~~~~^~~~~
arm-none-eabi-gcc -o "UART_Oscilloscope.elf" @"objects.list"   -mcpu=cortex-m4 -T"E:\Courses\23-24-II\Introduction of Measurement and Digital Control\2324II-Measurement-and-Digital-Control\Weekly Projects\UART_Oscilloscope\STM32F407VGTX_FLASH.ld" --specs=nosys.specs -Wl,-Map="UART_Oscilloscope.map" -Wl,--gc-sections -static --specs=nano.specs -mfpu=fpv4-sp-d16 -mfloat-abi=hard -mthumb -Wl,--start-group -lc -lm -Wl,--end-group
Finished building target: UART_Oscilloscope.elf
 
arm-none-eabi-size  UART_Oscilloscope.elf 
arm-none-eabi-objdump -h -S UART_Oscilloscope.elf  > "UART_Oscilloscope.list"
   text	   data	    bss	    dec	    hex	filename
  34996	    124	   4028	  39148	   98ec	UART_Oscilloscope.elf
Finished building: default.size.stdout
 
Finished building: UART_Oscilloscope.list
 
11:25:43 **** Incremental Build of configuration Debug for project UART_Oscilloscope ****
make -j12 all 
arm-none-eabi-gcc "../Core/Src/main.c" -mcpu=cortex-m4 -std=gnu11 -g3 -DDEBUG -DUSE_HAL_DRIVER -DSTM32F407xx -c -I../USB_HOST/App -I../USB_HOST/Target -I../Core/Inc -I../Drivers/STM32F4xx_HAL_Driver/Inc -I../Drivers/STM32F4xx_HAL_Driver/Inc/Legacy -I../Middlewares/ST/STM32_USB_Host_Library/Core/Inc -I../Middlewares/ST/STM32_USB_Host_Library/Class/CDC/Inc -I../Drivers/CMSIS/Device/ST/STM32F4xx/Include -I../Drivers/CMSIS/Include -O0 -ffunction-sections -fdata-sections -Wall -fstack-usage -fcyclomatic-complexity -MMD -MP -MF"Core/Src/main.d" -MT"Core/Src/main.o" --specs=nano.specs -mfpu=fpv4-sp-d16 -mfloat-abi=hard -mthumb -o "Core/Src/main.o"
../Core/Src/main.c: In function 'MX_GPIO_Init':
../Core/Src/main.c:299:25: error: 'PDM_OUT_Pin' undeclared (first use in this function)
  299 |   GPIO_InitStruct.Pin = PDM_OUT_Pin;
      |                         ^~~~~~~~~~~
../Core/Src/main.c:299:25: note: each undeclared identifier is reported only once for each function it appears in
../Core/Src/main.c:304:17: error: 'PDM_OUT_GPIO_Port' undeclared (first use in this function); did you mean 'LD3_GPIO_Port'?
  304 |   HAL_GPIO_Init(PDM_OUT_GPIO_Port, &GPIO_InitStruct);
      |                 ^~~~~~~~~~~~~~~~~
      |                 LD3_GPIO_Port
../Core/Src/main.c:313:25: error: 'I2S3_WS_Pin' undeclared (first use in this function)
  313 |   GPIO_InitStruct.Pin = I2S3_WS_Pin;
      |                         ^~~~~~~~~~~
../Core/Src/main.c:318:17: error: 'I2S3_WS_GPIO_Port' undeclared (first use in this function); did you mean 'VBUS_FS_GPIO_Port'?
  318 |   HAL_GPIO_Init(I2S3_WS_GPIO_Port, &GPIO_InitStruct);
      |                 ^~~~~~~~~~~~~~~~~
      |                 VBUS_FS_GPIO_Port
../Core/Src/main.c:321:25: error: 'SPI1_SCK_Pin' undeclared (first use in this function)
  321 |   GPIO_InitStruct.Pin = SPI1_SCK_Pin|SPI1_MISO_Pin|SPI1_MOSI_Pin;
      |                         ^~~~~~~~~~~~
../Core/Src/main.c:321:38: error: 'SPI1_MISO_Pin' undeclared (first use in this function)
  321 |   GPIO_InitStruct.Pin = SPI1_SCK_Pin|SPI1_MISO_Pin|SPI1_MOSI_Pin;
      |                                      ^~~~~~~~~~~~~
../Core/Src/main.c:321:52: error: 'SPI1_MOSI_Pin' undeclared (first use in this function)
  321 |   GPIO_InitStruct.Pin = SPI1_SCK_Pin|SPI1_MISO_Pin|SPI1_MOSI_Pin;
      |                                                    ^~~~~~~~~~~~~
../Core/Src/main.c:352:25: error: 'I2S3_MCK_Pin' undeclared (first use in this function)
  352 |   GPIO_InitStruct.Pin = I2S3_MCK_Pin;
      |                         ^~~~~~~~~~~~
../Core/Src/main.c:357:17: error: 'I2S3_MCK_GPIO_Port' undeclared (first use in this function); did you mean 'SWCLK_GPIO_Port'?
  357 |   HAL_GPIO_Init(I2S3_MCK_GPIO_Port, &GPIO_InitStruct);
      |                 ^~~~~~~~~~~~~~~~~~
      |                 SWCLK_GPIO_Port
../Core/Src/main.c:366:25: error: 'Audio_SCL_Pin' undeclared (first use in this function); did you mean 'Audio_RST_Pin'?
  366 |   GPIO_InitStruct.Pin = Audio_SCL_Pin|Audio_SDA_Pin;
      |                         ^~~~~~~~~~~~~
      |                         Audio_RST_Pin
../Core/Src/main.c:366:39: error: 'Audio_SDA_Pin' undeclared (first use in this function); did you mean 'Audio_RST_Pin'?
  366 |   GPIO_InitStruct.Pin = Audio_SCL_Pin|Audio_SDA_Pin;
      |                                       ^~~~~~~~~~~~~
      |                                       Audio_RST_Pin
make: *** [Core/Src/subdir.mk:34: Core/Src/main.o] Error 1
"make -j12 all" terminated with exit code 2. Build might be incomplete.
11:26:48 **** Incremental Build of configuration Debug for project UART_Oscilloscope ****
make -j12 all 
arm-none-eabi-gcc "../USB_HOST/Target/usbh_conf.c" -mcpu=cortex-m4 -std=gnu11 -g3 -DDEBUG -DUSE_HAL_DRIVER -DSTM32F407xx -c -I../USB_HOST/App -I../USB_HOST/Target -I../Core/Inc -I../Drivers/STM32F4xx_HAL_Driver/Inc -I../Drivers/STM32F4xx_HAL_Driver/Inc/Legacy -I../Middlewares/ST/STM32_USB_Host_Library/Core/Inc -I../Middlewares/ST/STM32_USB_Host_Library/Class/CDC/Inc -I../Drivers/CMSIS/Device/ST/STM32F4xx/Include -I../Drivers/CMSIS/Include -O0 -ffunction-sections -fdata-sections -Wall -fstack-usage -fcyclomatic-complexity -MMD -MP -MF"USB_HOST/Target/usbh_conf.d" -MT"USB_HOST/Target/usbh_conf.o" --specs=nano.specs -mfpu=fpv4-sp-d16 -mfloat-abi=hard -mthumb -o "USB_HOST/Target/usbh_conf.o"
arm-none-eabi-gcc "../USB_HOST/App/usb_host.c" -mcpu=cortex-m4 -std=gnu11 -g3 -DDEBUG -DUSE_HAL_DRIVER -DSTM32F407xx -c -I../USB_HOST/App -I../USB_HOST/Target -I../Core/Inc -I../Drivers/STM32F4xx_HAL_Driver/Inc -I../Drivers/STM32F4xx_HAL_Driver/Inc/Legacy -I../Middlewares/ST/STM32_USB_Host_Library/Core/Inc -I../Middlewares/ST/STM32_USB_Host_Library/Class/CDC/Inc -I../Drivers/CMSIS/Device/ST/STM32F4xx/Include -I../Drivers/CMSIS/Include -O0 -ffunction-sections -fdata-sections -Wall -fstack-usage -fcyclomatic-complexity -MMD -MP -MF"USB_HOST/App/usb_host.d" -MT"USB_HOST/App/usb_host.o" --specs=nano.specs -mfpu=fpv4-sp-d16 -mfloat-abi=hard -mthumb -o "USB_HOST/App/usb_host.o"
arm-none-eabi-gcc "../Middlewares/ST/STM32_USB_Host_Library/Core/Src/usbh_core.c" -mcpu=cortex-m4 -std=gnu11 -g3 -DDEBUG -DUSE_HAL_DRIVER -DSTM32F407xx -c -I../USB_HOST/App -I../USB_HOST/Target -I../Core/Inc -I../Drivers/STM32F4xx_HAL_Driver/Inc -I../Drivers/STM32F4xx_HAL_Driver/Inc/Legacy -I../Middlewares/ST/STM32_USB_Host_Library/Core/Inc -I../Middlewares/ST/STM32_USB_Host_Library/Class/CDC/Inc -I../Drivers/CMSIS/Device/ST/STM32F4xx/Include -I../Drivers/CMSIS/Include -O0 -ffunction-sections -fdata-sections -Wall -fstack-usage -fcyclomatic-complexity -MMD -MP -MF"Middlewares/ST/STM32_USB_Host_Library/Core/Src/usbh_core.d" -MT"Middlewares/ST/STM32_USB_Host_Library/Core/Src/usbh_core.o" --specs=nano.specs -mfpu=fpv4-sp-d16 -mfloat-abi=hard -mthumb -o "Middlewares/ST/STM32_USB_Host_Library/Core/Src/usbh_core.o"
arm-none-eabi-gcc "../Middlewares/ST/STM32_USB_Host_Library/Core/Src/usbh_ctlreq.c" -mcpu=cortex-m4 -std=gnu11 -g3 -DDEBUG -DUSE_HAL_DRIVER -DSTM32F407xx -c -I../USB_HOST/App -I../USB_HOST/Target -I../Core/Inc -I../Drivers/STM32F4xx_HAL_Driver/Inc -I../Drivers/STM32F4xx_HAL_Driver/Inc/Legacy -I../Middlewares/ST/STM32_USB_Host_Library/Core/Inc -I../Middlewares/ST/STM32_USB_Host_Library/Class/CDC/Inc -I../Drivers/CMSIS/Device/ST/STM32F4xx/Include -I../Drivers/CMSIS/Include -O0 -ffunction-sections -fdata-sections -Wall -fstack-usage -fcyclomatic-complexity -MMD -MP -MF"Middlewares/ST/STM32_USB_Host_Library/Core/Src/usbh_ctlreq.d" -MT"Middlewares/ST/STM32_USB_Host_Library/Core/Src/usbh_ctlreq.o" --specs=nano.specs -mfpu=fpv4-sp-d16 -mfloat-abi=hard -mthumb -o "Middlewares/ST/STM32_USB_Host_Library/Core/Src/usbh_ctlreq.o"
arm-none-eabi-gcc "../Middlewares/ST/STM32_USB_Host_Library/Core/Src/usbh_ioreq.c" -mcpu=cortex-m4 -std=gnu11 -g3 -DDEBUG -DUSE_HAL_DRIVER -DSTM32F407xx -c -I../USB_HOST/App -I../USB_HOST/Target -I../Core/Inc -I../Drivers/STM32F4xx_HAL_Driver/Inc -I../Drivers/STM32F4xx_HAL_Driver/Inc/Legacy -I../Middlewares/ST/STM32_USB_Host_Library/Core/Inc -I../Middlewares/ST/STM32_USB_Host_Library/Class/CDC/Inc -I../Drivers/CMSIS/Device/ST/STM32F4xx/Include -I../Drivers/CMSIS/Include -O0 -ffunction-sections -fdata-sections -Wall -fstack-usage -fcyclomatic-complexity -MMD -MP -MF"Middlewares/ST/STM32_USB_Host_Library/Core/Src/usbh_ioreq.d" -MT"Middlewares/ST/STM32_USB_Host_Library/Core/Src/usbh_ioreq.o" --specs=nano.specs -mfpu=fpv4-sp-d16 -mfloat-abi=hard -mthumb -o "Middlewares/ST/STM32_USB_Host_Library/Core/Src/usbh_ioreq.o"
arm-none-eabi-gcc "../Middlewares/ST/STM32_USB_Host_Library/Core/Src/usbh_pipes.c" -mcpu=cortex-m4 -std=gnu11 -g3 -DDEBUG -DUSE_HAL_DRIVER -DSTM32F407xx -c -I../USB_HOST/App -I../USB_HOST/Target -I../Core/Inc -I../Drivers/STM32F4xx_HAL_Driver/Inc -I../Drivers/STM32F4xx_HAL_Driver/Inc/Legacy -I../Middlewares/ST/STM32_USB_Host_Library/Core/Inc -I../Middlewares/ST/STM32_USB_Host_Library/Class/CDC/Inc -I../Drivers/CMSIS/Device/ST/STM32F4xx/Include -I../Drivers/CMSIS/Include -O0 -ffunction-sections -fdata-sections -Wall -fstack-usage -fcyclomatic-complexity -MMD -MP -MF"Middlewares/ST/STM32_USB_Host_Library/Core/Src/usbh_pipes.d" -MT"Middlewares/ST/STM32_USB_Host_Library/Core/Src/usbh_pipes.o" --specs=nano.specs -mfpu=fpv4-sp-d16 -mfloat-abi=hard -mthumb -o "Middlewares/ST/STM32_USB_Host_Library/Core/Src/usbh_pipes.o"
arm-none-eabi-gcc "../Middlewares/ST/STM32_USB_Host_Library/Class/CDC/Src/usbh_cdc.c" -mcpu=cortex-m4 -std=gnu11 -g3 -DDEBUG -DUSE_HAL_DRIVER -DSTM32F407xx -c -I../USB_HOST/App -I../USB_HOST/Target -I../Core/Inc -I../Drivers/STM32F4xx_HAL_Driver/Inc -I../Drivers/STM32F4xx_HAL_Driver/Inc/Legacy -I../Middlewares/ST/STM32_USB_Host_Library/Core/Inc -I../Middlewares/ST/STM32_USB_Host_Library/Class/CDC/Inc -I../Drivers/CMSIS/Device/ST/STM32F4xx/Include -I../Drivers/CMSIS/Include -O0 -ffunction-sections -fdata-sections -Wall -fstack-usage -fcyclomatic-complexity -MMD -MP -MF"Middlewares/ST/STM32_USB_Host_Library/Class/CDC/Src/usbh_cdc.d" -MT"Middlewares/ST/STM32_USB_Host_Library/Class/CDC/Src/usbh_cdc.o" --specs=nano.specs -mfpu=fpv4-sp-d16 -mfloat-abi=hard -mthumb -o "Middlewares/ST/STM32_USB_Host_Library/Class/CDC/Src/usbh_cdc.o"
arm-none-eabi-gcc "../Core/Src/main.c" -mcpu=cortex-m4 -std=gnu11 -g3 -DDEBUG -DUSE_HAL_DRIVER -DSTM32F407xx -c -I../USB_HOST/App -I../USB_HOST/Target -I../Core/Inc -I../Drivers/STM32F4xx_HAL_Driver/Inc -I../Drivers/STM32F4xx_HAL_Driver/Inc/Legacy -I../Middlewares/ST/STM32_USB_Host_Library/Core/Inc -I../Middlewares/ST/STM32_USB_Host_Library/Class/CDC/Inc -I../Drivers/CMSIS/Device/ST/STM32F4xx/Include -I../Drivers/CMSIS/Include -O0 -ffunction-sections -fdata-sections -Wall -fstack-usage -fcyclomatic-complexity -MMD -MP -MF"Core/Src/main.d" -MT"Core/Src/main.o" --specs=nano.specs -mfpu=fpv4-sp-d16 -mfloat-abi=hard -mthumb -o "Core/Src/main.o"
arm-none-eabi-gcc "../Core/Src/stm32f4xx_hal_msp.c" -mcpu=cortex-m4 -std=gnu11 -g3 -DDEBUG -DUSE_HAL_DRIVER -DSTM32F407xx -c -I../USB_HOST/App -I../USB_HOST/Target -I../Core/Inc -I../Drivers/STM32F4xx_HAL_Driver/Inc -I../Drivers/STM32F4xx_HAL_Driver/Inc/Legacy -I../Middlewares/ST/STM32_USB_Host_Library/Core/Inc -I../Middlewares/ST/STM32_USB_Host_Library/Class/CDC/Inc -I../Drivers/CMSIS/Device/ST/STM32F4xx/Include -I../Drivers/CMSIS/Include -O0 -ffunction-sections -fdata-sections -Wall -fstack-usage -fcyclomatic-complexity -MMD -MP -MF"Core/Src/stm32f4xx_hal_msp.d" -MT"Core/Src/stm32f4xx_hal_msp.o" --specs=nano.specs -mfpu=fpv4-sp-d16 -mfloat-abi=hard -mthumb -o "Core/Src/stm32f4xx_hal_msp.o"
arm-none-eabi-gcc "../Core/Src/stm32f4xx_it.c" -mcpu=cortex-m4 -std=gnu11 -g3 -DDEBUG -DUSE_HAL_DRIVER -DSTM32F407xx -c -I../USB_HOST/App -I../USB_HOST/Target -I../Core/Inc -I../Drivers/STM32F4xx_HAL_Driver/Inc -I../Drivers/STM32F4xx_HAL_Driver/Inc/Legacy -I../Middlewares/ST/STM32_USB_Host_Library/Core/Inc -I../Middlewares/ST/STM32_USB_Host_Library/Class/CDC/Inc -I../Drivers/CMSIS/Device/ST/STM32F4xx/Include -I../Drivers/CMSIS/Include -O0 -ffunction-sections -fdata-sections -Wall -fstack-usage -fcyclomatic-complexity -MMD -MP -MF"Core/Src/stm32f4xx_it.d" -MT"Core/Src/stm32f4xx_it.o" --specs=nano.specs -mfpu=fpv4-sp-d16 -mfloat-abi=hard -mthumb -o "Core/Src/stm32f4xx_it.o"
arm-none-eabi-gcc -o "UART_Oscilloscope.elf" @"objects.list"   -mcpu=cortex-m4 -T"E:\Courses\23-24-II\Introduction of Measurement and Digital Control\2324II-Measurement-and-Digital-Control\Weekly Projects\UART_Oscilloscope\STM32F407VGTX_FLASH.ld" --specs=nosys.specs -Wl,-Map="UART_Oscilloscope.map" -Wl,--gc-sections -static --specs=nano.specs -mfpu=fpv4-sp-d16 -mfloat-abi=hard -mthumb -Wl,--start-group -lc -lm -Wl,--end-group
Finished building target: UART_Oscilloscope.elf
 
arm-none-eabi-size  UART_Oscilloscope.elf 
arm-none-eabi-objdump -h -S UART_Oscilloscope.elf  > "UART_Oscilloscope.list"
   text	   data	    bss	    dec	    hex	filename
  34648	    124	   4028	  38800	   9790	UART_Oscilloscope.elf
Finished building: default.size.stdout
 
Finished building: UART_Oscilloscope.list
 
11:28:44 **** Incremental Build of configuration Debug for project UART_Oscilloscope ****
make -j12 all 
arm-none-eabi-gcc "../Core/Src/main.c" -mcpu=cortex-m4 -std=gnu11 -g3 -DDEBUG -DUSE_HAL_DRIVER -DSTM32F407xx -c -I../USB_HOST/App -I../USB_HOST/Target -I../Core/Inc -I../Drivers/STM32F4xx_HAL_Driver/Inc -I../Drivers/STM32F4xx_HAL_Driver/Inc/Legacy -I../Middlewares/ST/STM32_USB_Host_Library/Core/Inc -I../Middlewares/ST/STM32_USB_Host_Library/Class/CDC/Inc -I../Drivers/CMSIS/Device/ST/STM32F4xx/Include -I../Drivers/CMSIS/Include -O0 -ffunction-sections -fdata-sections -Wall -fstack-usage -fcyclomatic-complexity -MMD -MP -MF"Core/Src/main.d" -MT"Core/Src/main.o" --specs=nano.specs -mfpu=fpv4-sp-d16 -mfloat-abi=hard -mthumb -o "Core/Src/main.o"
arm-none-eabi-gcc -o "UART_Oscilloscope.elf" @"objects.list"   -mcpu=cortex-m4 -T"E:\Courses\23-24-II\Introduction of Measurement and Digital Control\2324II-Measurement-and-Digital-Control\Weekly Projects\UART_Oscilloscope\STM32F407VGTX_FLASH.ld" --specs=nosys.specs -Wl,-Map="UART_Oscilloscope.map" -Wl,--gc-sections -static --specs=nano.specs -mfpu=fpv4-sp-d16 -mfloat-abi=hard -mthumb -Wl,--start-group -lc -lm -Wl,--end-group
Finished building target: UART_Oscilloscope.elf
 
arm-none-eabi-size  UART_Oscilloscope.elf 
arm-none-eabi-objdump -h -S UART_Oscilloscope.elf  > "UART_Oscilloscope.list"
   text	   data	    bss	    dec	    hex	filename
  34668	    124	   4028	  38820	   97a4	UART_Oscilloscope.elf
Finished building: default.size.stdout
 
Finished building: UART_Oscilloscope.list
 
11:30:45 **** Incremental Build of configuration Debug for project UART_Oscilloscope ****
make -j12 all 
arm-none-eabi-gcc "../Core/Src/main.c" -mcpu=cortex-m4 -std=gnu11 -g3 -DDEBUG -DUSE_HAL_DRIVER -DSTM32F407xx -c -I../USB_HOST/App -I../USB_HOST/Target -I../Core/Inc -I../Drivers/STM32F4xx_HAL_Driver/Inc -I../Drivers/STM32F4xx_HAL_Driver/Inc/Legacy -I../Middlewares/ST/STM32_USB_Host_Library/Core/Inc -I../Middlewares/ST/STM32_USB_Host_Library/Class/CDC/Inc -I../Drivers/CMSIS/Device/ST/STM32F4xx/Include -I../Drivers/CMSIS/Include -O0 -ffunction-sections -fdata-sections -Wall -fstack-usage -fcyclomatic-complexity -MMD -MP -MF"Core/Src/main.d" -MT"Core/Src/main.o" --specs=nano.specs -mfpu=fpv4-sp-d16 -mfloat-abi=hard -mthumb -o "Core/Src/main.o"
../Core/Src/main.c: In function 'main':
../Core/Src/main.c:113:41: warning: pointer targets in passing argument 2 of 'HAL_UART_Receive' differ in signedness [-Wpointer-sign]
  113 |           if (HAL_UART_Receive(&huart5, &c, 1, 500)==HAL_OK){
      |                                         ^~
      |                                         |
      |                                         char *
In file included from ../Core/Inc/stm32f4xx_hal_conf.h:411,
                 from ../Drivers/STM32F4xx_HAL_Driver/Inc/stm32f4xx_hal.h:29,
                 from ../Core/Inc/main.h:30,
                 from ../Core/Src/main.c:20:
../Drivers/STM32F4xx_HAL_Driver/Inc/stm32f4xx_hal_uart.h:746:72: note: expected 'uint8_t *' {aka 'unsigned char *'} but argument is of type 'char *'
  746 | HAL_StatusTypeDef HAL_UART_Receive(UART_HandleTypeDef *huart, uint8_t *pData, uint16_t Size, uint32_t Timeout);
      |                                                               ~~~~~~~~~^~~~~
../Core/Src/main.c:114:38: warning: pointer targets in passing argument 2 of 'HAL_UART_Transmit' differ in signedness [-Wpointer-sign]
  114 |           HAL_UART_Transmit(&huart5, &c, 1, 500);
      |                                      ^~
      |                                      |
      |                                      char *
../Drivers/STM32F4xx_HAL_Driver/Inc/stm32f4xx_hal_uart.h:745:79: note: expected 'const uint8_t *' {aka 'const unsigned char *'} but argument is of type 'char *'
  745 | HAL_StatusTypeDef HAL_UART_Transmit(UART_HandleTypeDef *huart, const uint8_t *pData, uint16_t Size, uint32_t Timeout);
      |                                                                ~~~~~~~~~~~~~~~^~~~~
arm-none-eabi-gcc -o "UART_Oscilloscope.elf" @"objects.list"   -mcpu=cortex-m4 -T"E:\Courses\23-24-II\Introduction of Measurement and Digital Control\2324II-Measurement-and-Digital-Control\Weekly Projects\UART_Oscilloscope\STM32F407VGTX_FLASH.ld" --specs=nosys.specs -Wl,-Map="UART_Oscilloscope.map" -Wl,--gc-sections -static --specs=nano.specs -mfpu=fpv4-sp-d16 -mfloat-abi=hard -mthumb -Wl,--start-group -lc -lm -Wl,--end-group
Finished building target: UART_Oscilloscope.elf
 
arm-none-eabi-size  UART_Oscilloscope.elf 
arm-none-eabi-objdump -h -S UART_Oscilloscope.elf  > "UART_Oscilloscope.list"
   text	   data	    bss	    dec	    hex	filename
  34956	    124	   4028	  39108	   98c4	UART_Oscilloscope.elf
Finished building: default.size.stdout
 
Finished building: UART_Oscilloscope.list
 
11:32:17 **** Incremental Build of configuration Debug for project UART_Oscilloscope ****
make -j12 all 
arm-none-eabi-gcc "../Core/Src/main.c" -mcpu=cortex-m4 -std=gnu11 -g3 -DDEBUG -DUSE_HAL_DRIVER -DSTM32F407xx -c -I../USB_HOST/App -I../USB_HOST/Target -I../Core/Inc -I../Drivers/STM32F4xx_HAL_Driver/Inc -I../Drivers/STM32F4xx_HAL_Driver/Inc/Legacy -I../Middlewares/ST/STM32_USB_Host_Library/Core/Inc -I../Middlewares/ST/STM32_USB_Host_Library/Class/CDC/Inc -I../Drivers/CMSIS/Device/ST/STM32F4xx/Include -I../Drivers/CMSIS/Include -O0 -ffunction-sections -fdata-sections -Wall -fstack-usage -fcyclomatic-complexity -MMD -MP -MF"Core/Src/main.d" -MT"Core/Src/main.o" --specs=nano.specs -mfpu=fpv4-sp-d16 -mfloat-abi=hard -mthumb -o "Core/Src/main.o"
../Core/Src/main.c:124:1: error: expected identifier or '(' before '}' token
  124 | }
      | ^
make: *** [Core/Src/subdir.mk:34: Core/Src/main.o] Error 1
"make -j12 all" terminated with exit code 2. Build might be incomplete.
11:32:39 **** Incremental Build of configuration Debug for project UART_Oscilloscope ****
make -j12 all 
arm-none-eabi-gcc "../Core/Src/main.c" -mcpu=cortex-m4 -std=gnu11 -g3 -DDEBUG -DUSE_HAL_DRIVER -DSTM32F407xx -c -I../USB_HOST/App -I../USB_HOST/Target -I../Core/Inc -I../Drivers/STM32F4xx_HAL_Driver/Inc -I../Drivers/STM32F4xx_HAL_Driver/Inc/Legacy -I../Middlewares/ST/STM32_USB_Host_Library/Core/Inc -I../Middlewares/ST/STM32_USB_Host_Library/Class/CDC/Inc -I../Drivers/CMSIS/Device/ST/STM32F4xx/Include -I../Drivers/CMSIS/Include -O0 -ffunction-sections -fdata-sections -Wall -fstack-usage -fcyclomatic-complexity -MMD -MP -MF"Core/Src/main.d" -MT"Core/Src/main.o" --specs=nano.specs -mfpu=fpv4-sp-d16 -mfloat-abi=hard -mthumb -o "Core/Src/main.o"
arm-none-eabi-gcc -o "UART_Oscilloscope.elf" @"objects.list"   -mcpu=cortex-m4 -T"E:\Courses\23-24-II\Introduction of Measurement and Digital Control\2324II-Measurement-and-Digital-Control\Weekly Projects\UART_Oscilloscope\STM32F407VGTX_FLASH.ld" --specs=nosys.specs -Wl,-Map="UART_Oscilloscope.map" -Wl,--gc-sections -static --specs=nano.specs -mfpu=fpv4-sp-d16 -mfloat-abi=hard -mthumb -Wl,--start-group -lc -lm -Wl,--end-group
Finished building target: UART_Oscilloscope.elf
 
arm-none-eabi-size  UART_Oscilloscope.elf 
arm-none-eabi-objdump -h -S UART_Oscilloscope.elf  > "UART_Oscilloscope.list"
   text	   data	    bss	    dec	    hex	filename
  35400	    124	   4028	  39552	   9a80	UART_Oscilloscope.elf
Finished building: default.size.stdout
 
Finished building: UART_Oscilloscope.list
 
11:36:47 **** Incremental Build of configuration Debug for project UART_Oscilloscope ****
make -j12 all 
arm-none-eabi-gcc "../Core/Src/main.c" -mcpu=cortex-m4 -std=gnu11 -g3 -DDEBUG -DUSE_HAL_DRIVER -DSTM32F407xx -c -I../USB_HOST/App -I../USB_HOST/Target -I../Core/Inc -I../Drivers/STM32F4xx_HAL_Driver/Inc -I../Drivers/STM32F4xx_HAL_Driver/Inc/Legacy -I../Middlewares/ST/STM32_USB_Host_Library/Core/Inc -I../Middlewares/ST/STM32_USB_Host_Library/Class/CDC/Inc -I../Drivers/CMSIS/Device/ST/STM32F4xx/Include -I../Drivers/CMSIS/Include -O0 -ffunction-sections -fdata-sections -Wall -fstack-usage -fcyclomatic-complexity -MMD -MP -MF"Core/Src/main.d" -MT"Core/Src/main.o" --specs=nano.specs -mfpu=fpv4-sp-d16 -mfloat-abi=hard -mthumb -o "Core/Src/main.o"
../Core/Src/main.c: In function 'main':
../Core/Src/main.c:115:38: warning: pointer targets in passing argument 2 of 'HAL_UART_Transmit' differ in signedness [-Wpointer-sign]
  115 |           HAL_UART_Transmit(&huart5, &value, 1, 500);
      |                                      ^~~~~~
      |                                      |
      |                                      char *
In file included from ../Core/Inc/stm32f4xx_hal_conf.h:411,
                 from ../Drivers/STM32F4xx_HAL_Driver/Inc/stm32f4xx_hal.h:29,
                 from ../Core/Inc/main.h:30,
                 from ../Core/Src/main.c:20:
../Drivers/STM32F4xx_HAL_Driver/Inc/stm32f4xx_hal_uart.h:745:79: note: expected 'const uint8_t *' {aka 'const unsigned char *'} but argument is of type 'char *'
  745 | HAL_StatusTypeDef HAL_UART_Transmit(UART_HandleTypeDef *huart, const uint8_t *pData, uint16_t Size, uint32_t Timeout);
      |                                                                ~~~~~~~~~~~~~~~^~~~~
arm-none-eabi-gcc -o "UART_Oscilloscope.elf" @"objects.list"   -mcpu=cortex-m4 -T"E:\Courses\23-24-II\Introduction of Measurement and Digital Control\2324II-Measurement-and-Digital-Control\Weekly Projects\UART_Oscilloscope\STM32F407VGTX_FLASH.ld" --specs=nosys.specs -Wl,-Map="UART_Oscilloscope.map" -Wl,--gc-sections -static --specs=nano.specs -mfpu=fpv4-sp-d16 -mfloat-abi=hard -mthumb -Wl,--start-group -lc -lm -Wl,--end-group
Finished building target: UART_Oscilloscope.elf
 
arm-none-eabi-size  UART_Oscilloscope.elf 
arm-none-eabi-objdump -h -S UART_Oscilloscope.elf  > "UART_Oscilloscope.list"
   text	   data	    bss	    dec	    hex	filename
  35416	    124	   4028	  39568	   9a90	UART_Oscilloscope.elf
Finished building: default.size.stdout
 
Finished building: UART_Oscilloscope.list
 
11:37:04 **** Incremental Build of configuration Debug for project UART_Oscilloscope ****
make -j12 all 
arm-none-eabi-size  UART_Oscilloscope.elf 
   text	   data	    bss	    dec	    hex	filename
  35416	    124	   4028	  39568	   9a90	UART_Oscilloscope.elf
Finished building: default.size.stdout
 
11:42:46 **** Incremental Build of configuration Debug for project UART_Oscilloscope ****
make -j12 all 
arm-none-eabi-gcc "../Core/Src/main.c" -mcpu=cortex-m4 -std=gnu11 -g3 -DDEBUG -DUSE_HAL_DRIVER -DSTM32F407xx -c -I../USB_HOST/App -I../USB_HOST/Target -I../Core/Inc -I../Drivers/STM32F4xx_HAL_Driver/Inc -I../Drivers/STM32F4xx_HAL_Driver/Inc/Legacy -I../Middlewares/ST/STM32_USB_Host_Library/Core/Inc -I../Middlewares/ST/STM32_USB_Host_Library/Class/CDC/Inc -I../Drivers/CMSIS/Device/ST/STM32F4xx/Include -I../Drivers/CMSIS/Include -O0 -ffunction-sections -fdata-sections -Wall -fstack-usage -fcyclomatic-complexity -MMD -MP -MF"Core/Src/main.d" -MT"Core/Src/main.o" --specs=nano.specs -mfpu=fpv4-sp-d16 -mfloat-abi=hard -mthumb -o "Core/Src/main.o"
../Core/Src/main.c: In function 'main':
../Core/Src/main.c:115:38: warning: pointer targets in passing argument 2 of 'HAL_UART_Transmit' differ in signedness [-Wpointer-sign]
  115 |           HAL_UART_Transmit(&huart5, &value, 1, 500);
      |                                      ^~~~~~
      |                                      |
      |                                      char *
In file included from ../Core/Inc/stm32f4xx_hal_conf.h:411,
                 from ../Drivers/STM32F4xx_HAL_Driver/Inc/stm32f4xx_hal.h:29,
                 from ../Core/Inc/main.h:30,
                 from ../Core/Src/main.c:20:
../Drivers/STM32F4xx_HAL_Driver/Inc/stm32f4xx_hal_uart.h:745:79: note: expected 'const uint8_t *' {aka 'const unsigned char *'} but argument is of type 'char *'
  745 | HAL_StatusTypeDef HAL_UART_Transmit(UART_HandleTypeDef *huart, const uint8_t *pData, uint16_t Size, uint32_t Timeout);
      |                                                                ~~~~~~~~~~~~~~~^~~~~
arm-none-eabi-gcc -o "UART_Oscilloscope.elf" @"objects.list"   -mcpu=cortex-m4 -T"E:\Courses\23-24-II\Introduction of Measurement and Digital Control\2324II-Measurement-and-Digital-Control\Weekly Projects\UART_Oscilloscope\STM32F407VGTX_FLASH.ld" --specs=nosys.specs -Wl,-Map="UART_Oscilloscope.map" -Wl,--gc-sections -static --specs=nano.specs -mfpu=fpv4-sp-d16 -mfloat-abi=hard -mthumb -Wl,--start-group -lc -lm -Wl,--end-group
Finished building target: UART_Oscilloscope.elf
 
arm-none-eabi-size  UART_Oscilloscope.elf 
arm-none-eabi-objdump -h -S UART_Oscilloscope.elf  > "UART_Oscilloscope.list"
   text	   data	    bss	    dec	    hex	filename
  30228	    124	   4028	  34380	   864c	UART_Oscilloscope.elf
Finished building: default.size.stdout
 
Finished building: UART_Oscilloscope.list
 
11:46:13 **** Incremental Build of configuration Debug for project UART_Oscilloscope ****
make -j12 all 
arm-none-eabi-gcc "../Core/Src/main.c" -mcpu=cortex-m4 -std=gnu11 -g3 -DDEBUG -DUSE_HAL_DRIVER -DSTM32F407xx -c -I../USB_HOST/App -I../USB_HOST/Target -I../Core/Inc -I../Drivers/STM32F4xx_HAL_Driver/Inc -I../Drivers/STM32F4xx_HAL_Driver/Inc/Legacy -I../Middlewares/ST/STM32_USB_Host_Library/Core/Inc -I../Middlewares/ST/STM32_USB_Host_Library/Class/CDC/Inc -I../Drivers/CMSIS/Device/ST/STM32F4xx/Include -I../Drivers/CMSIS/Include -O0 -ffunction-sections -fdata-sections -Wall -fstack-usage -fcyclomatic-complexity -MMD -MP -MF"Core/Src/main.d" -MT"Core/Src/main.o" --specs=nano.specs -mfpu=fpv4-sp-d16 -mfloat-abi=hard -mthumb -o "Core/Src/main.o"
../Core/Src/main.c: In function 'main':
../Core/Src/main.c:115:38: warning: pointer targets in passing argument 2 of 'HAL_UART_Transmit' differ in signedness [-Wpointer-sign]
  115 |           HAL_UART_Transmit(&huart5, &value, 1, 500);
      |                                      ^~~~~~
      |                                      |
      |                                      char *
In file included from ../Core/Inc/stm32f4xx_hal_conf.h:411,
                 from ../Drivers/STM32F4xx_HAL_Driver/Inc/stm32f4xx_hal.h:29,
                 from ../Core/Inc/main.h:30,
                 from ../Core/Src/main.c:20:
../Drivers/STM32F4xx_HAL_Driver/Inc/stm32f4xx_hal_uart.h:745:79: note: expected 'const uint8_t *' {aka 'const unsigned char *'} but argument is of type 'char *'
  745 | HAL_StatusTypeDef HAL_UART_Transmit(UART_HandleTypeDef *huart, const uint8_t *pData, uint16_t Size, uint32_t Timeout);
      |                                                                ~~~~~~~~~~~~~~~^~~~~
../Core/Src/main.c:102:8: warning: unused variable 'buffer' [-Wunused-variable]
  102 |   char buffer[64];
      |        ^~~~~~
arm-none-eabi-gcc -o "UART_Oscilloscope.elf" @"objects.list"   -mcpu=cortex-m4 -T"E:\Courses\23-24-II\Introduction of Measurement and Digital Control\2324II-Measurement-and-Digital-Control\Weekly Projects\UART_Oscilloscope\STM32F407VGTX_FLASH.ld" --specs=nosys.specs -Wl,-Map="UART_Oscilloscope.map" -Wl,--gc-sections -static --specs=nano.specs -mfpu=fpv4-sp-d16 -mfloat-abi=hard -mthumb -Wl,--start-group -lc -lm -Wl,--end-group
Finished building target: UART_Oscilloscope.elf
 
arm-none-eabi-size  UART_Oscilloscope.elf 
arm-none-eabi-objdump -h -S UART_Oscilloscope.elf  > "UART_Oscilloscope.list"
   text	   data	    bss	    dec	    hex	filename
  31000	    124	   4028	  35152	   8950	UART_Oscilloscope.elf
Finished building: default.size.stdout
 
Finished building: UART_Oscilloscope.list
 
11:47:41 **** Incremental Build of configuration Debug for project UART_Oscilloscope ****
make -j12 all 
arm-none-eabi-gcc "../Core/Src/main.c" -mcpu=cortex-m4 -std=gnu11 -g3 -DDEBUG -DUSE_HAL_DRIVER -DSTM32F407xx -c -I../USB_HOST/App -I../USB_HOST/Target -I../Core/Inc -I../Drivers/STM32F4xx_HAL_Driver/Inc -I../Drivers/STM32F4xx_HAL_Driver/Inc/Legacy -I../Middlewares/ST/STM32_USB_Host_Library/Core/Inc -I../Middlewares/ST/STM32_USB_Host_Library/Class/CDC/Inc -I../Drivers/CMSIS/Device/ST/STM32F4xx/Include -I../Drivers/CMSIS/Include -O0 -ffunction-sections -fdata-sections -Wall -fstack-usage -fcyclomatic-complexity -MMD -MP -MF"Core/Src/main.d" -MT"Core/Src/main.o" --specs=nano.specs -mfpu=fpv4-sp-d16 -mfloat-abi=hard -mthumb -o "Core/Src/main.o"
../Core/Src/main.c: In function 'main':
../Core/Src/main.c:115:38: warning: pointer targets in passing argument 2 of 'HAL_UART_Transmit' differ in signedness [-Wpointer-sign]
  115 |           HAL_UART_Transmit(&huart5, &value, 1, 500);
      |                                      ^~~~~~
      |                                      |
      |                                      char *
In file included from ../Core/Inc/stm32f4xx_hal_conf.h:411,
                 from ../Drivers/STM32F4xx_HAL_Driver/Inc/stm32f4xx_hal.h:29,
                 from ../Core/Inc/main.h:30,
                 from ../Core/Src/main.c:20:
../Drivers/STM32F4xx_HAL_Driver/Inc/stm32f4xx_hal_uart.h:745:79: note: expected 'const uint8_t *' {aka 'const unsigned char *'} but argument is of type 'char *'
  745 | HAL_StatusTypeDef HAL_UART_Transmit(UART_HandleTypeDef *huart, const uint8_t *pData, uint16_t Size, uint32_t Timeout);
      |                                                                ~~~~~~~~~~~~~~~^~~~~
arm-none-eabi-gcc -o "UART_Oscilloscope.elf" @"objects.list"   -mcpu=cortex-m4 -T"E:\Courses\23-24-II\Introduction of Measurement and Digital Control\2324II-Measurement-and-Digital-Control\Weekly Projects\UART_Oscilloscope\STM32F407VGTX_FLASH.ld" --specs=nosys.specs -Wl,-Map="UART_Oscilloscope.map" -Wl,--gc-sections -static --specs=nano.specs -mfpu=fpv4-sp-d16 -mfloat-abi=hard -mthumb -Wl,--start-group -lc -lm -Wl,--end-group
Finished building target: UART_Oscilloscope.elf
 
arm-none-eabi-size  UART_Oscilloscope.elf 
arm-none-eabi-objdump -h -S UART_Oscilloscope.elf  > "UART_Oscilloscope.list"
   text	   data	    bss	    dec	    hex	filename
  35416	    124	   4028	  39568	   9a90	UART_Oscilloscope.elf
Finished building: default.size.stdout
 
Finished building: UART_Oscilloscope.list
 
11:48:23 **** Incremental Build of configuration Debug for project UART_Oscilloscope ****
make -j12 all 
arm-none-eabi-gcc "../Core/Src/main.c" -mcpu=cortex-m4 -std=gnu11 -g3 -DDEBUG -DUSE_HAL_DRIVER -DSTM32F407xx -c -I../USB_HOST/App -I../USB_HOST/Target -I../Core/Inc -I../Drivers/STM32F4xx_HAL_Driver/Inc -I../Drivers/STM32F4xx_HAL_Driver/Inc/Legacy -I../Middlewares/ST/STM32_USB_Host_Library/Core/Inc -I../Middlewares/ST/STM32_USB_Host_Library/Class/CDC/Inc -I../Drivers/CMSIS/Device/ST/STM32F4xx/Include -I../Drivers/CMSIS/Include -O0 -ffunction-sections -fdata-sections -Wall -fstack-usage -fcyclomatic-complexity -MMD -MP -MF"Core/Src/main.d" -MT"Core/Src/main.o" --specs=nano.specs -mfpu=fpv4-sp-d16 -mfloat-abi=hard -mthumb -o "Core/Src/main.o"
../Core/Src/main.c: In function 'main':
../Core/Src/main.c:115:38: warning: pointer targets in passing argument 2 of 'HAL_UART_Transmit' differ in signedness [-Wpointer-sign]
  115 |           HAL_UART_Transmit(&huart5, &value, 1, 500);
      |                                      ^~~~~~
      |                                      |
      |                                      char *
In file included from ../Core/Inc/stm32f4xx_hal_conf.h:411,
                 from ../Drivers/STM32F4xx_HAL_Driver/Inc/stm32f4xx_hal.h:29,
                 from ../Core/Inc/main.h:30,
                 from ../Core/Src/main.c:20:
../Drivers/STM32F4xx_HAL_Driver/Inc/stm32f4xx_hal_uart.h:745:79: note: expected 'const uint8_t *' {aka 'const unsigned char *'} but argument is of type 'char *'
  745 | HAL_StatusTypeDef HAL_UART_Transmit(UART_HandleTypeDef *huart, const uint8_t *pData, uint16_t Size, uint32_t Timeout);
      |                                                                ~~~~~~~~~~~~~~~^~~~~
arm-none-eabi-gcc -o "UART_Oscilloscope.elf" @"objects.list"   -mcpu=cortex-m4 -T"E:\Courses\23-24-II\Introduction of Measurement and Digital Control\2324II-Measurement-and-Digital-Control\Weekly Projects\UART_Oscilloscope\STM32F407VGTX_FLASH.ld" --specs=nosys.specs -Wl,-Map="UART_Oscilloscope.map" -Wl,--gc-sections -static --specs=nano.specs -mfpu=fpv4-sp-d16 -mfloat-abi=hard -mthumb -Wl,--start-group -lc -lm -Wl,--end-group
Finished building target: UART_Oscilloscope.elf
 
arm-none-eabi-size  UART_Oscilloscope.elf 
arm-none-eabi-objdump -h -S UART_Oscilloscope.elf  > "UART_Oscilloscope.list"
   text	   data	    bss	    dec	    hex	filename
  35420	    124	   4028	  39572	   9a94	UART_Oscilloscope.elf
Finished building: default.size.stdout
 
Finished building: UART_Oscilloscope.list
 
11:50:30 **** Incremental Build of configuration Debug for project UART_Oscilloscope ****
make -j12 all 
arm-none-eabi-gcc "../Core/Src/main.c" -mcpu=cortex-m4 -std=gnu11 -g3 -DDEBUG -DUSE_HAL_DRIVER -DSTM32F407xx -c -I../USB_HOST/App -I../USB_HOST/Target -I../Core/Inc -I../Drivers/STM32F4xx_HAL_Driver/Inc -I../Drivers/STM32F4xx_HAL_Driver/Inc/Legacy -I../Middlewares/ST/STM32_USB_Host_Library/Core/Inc -I../Middlewares/ST/STM32_USB_Host_Library/Class/CDC/Inc -I../Drivers/CMSIS/Device/ST/STM32F4xx/Include -I../Drivers/CMSIS/Include -O0 -ffunction-sections -fdata-sections -Wall -fstack-usage -fcyclomatic-complexity -MMD -MP -MF"Core/Src/main.d" -MT"Core/Src/main.o" --specs=nano.specs -mfpu=fpv4-sp-d16 -mfloat-abi=hard -mthumb -o "Core/Src/main.o"
../Core/Src/main.c: In function 'main':
../Core/Src/main.c:115:38: warning: pointer targets in passing argument 2 of 'HAL_UART_Transmit' differ in signedness [-Wpointer-sign]
  115 |           HAL_UART_Transmit(&huart5, &value, 1, 500);
      |                                      ^~~~~~
      |                                      |
      |                                      char *
In file included from ../Core/Inc/stm32f4xx_hal_conf.h:411,
                 from ../Drivers/STM32F4xx_HAL_Driver/Inc/stm32f4xx_hal.h:29,
                 from ../Core/Inc/main.h:30,
                 from ../Core/Src/main.c:20:
../Drivers/STM32F4xx_HAL_Driver/Inc/stm32f4xx_hal_uart.h:745:79: note: expected 'const uint8_t *' {aka 'const unsigned char *'} but argument is of type 'char *'
  745 | HAL_StatusTypeDef HAL_UART_Transmit(UART_HandleTypeDef *huart, const uint8_t *pData, uint16_t Size, uint32_t Timeout);
      |                                                                ~~~~~~~~~~~~~~~^~~~~
arm-none-eabi-gcc -o "UART_Oscilloscope.elf" @"objects.list"   -mcpu=cortex-m4 -T"E:\Courses\23-24-II\Introduction of Measurement and Digital Control\2324II-Measurement-and-Digital-Control\Weekly Projects\UART_Oscilloscope\STM32F407VGTX_FLASH.ld" --specs=nosys.specs -Wl,-Map="UART_Oscilloscope.map" -Wl,--gc-sections -static --specs=nano.specs -mfpu=fpv4-sp-d16 -mfloat-abi=hard -mthumb -Wl,--start-group -lc -lm -Wl,--end-group
Finished building target: UART_Oscilloscope.elf
 
arm-none-eabi-size  UART_Oscilloscope.elf 
arm-none-eabi-objdump -h -S UART_Oscilloscope.elf  > "UART_Oscilloscope.list"
   text	   data	    bss	    dec	    hex	filename
  35416	    124	   4028	  39568	   9a90	UART_Oscilloscope.elf
Finished building: default.size.stdout
 
Finished building: UART_Oscilloscope.list
 
11:51:26 **** Incremental Build of configuration Debug for project UART_Oscilloscope ****
make -j12 all 
arm-none-eabi-gcc "../Core/Src/main.c" -mcpu=cortex-m4 -std=gnu11 -g3 -DDEBUG -DUSE_HAL_DRIVER -DSTM32F407xx -c -I../USB_HOST/App -I../USB_HOST/Target -I../Core/Inc -I../Drivers/STM32F4xx_HAL_Driver/Inc -I../Drivers/STM32F4xx_HAL_Driver/Inc/Legacy -I../Middlewares/ST/STM32_USB_Host_Library/Core/Inc -I../Middlewares/ST/STM32_USB_Host_Library/Class/CDC/Inc -I../Drivers/CMSIS/Device/ST/STM32F4xx/Include -I../Drivers/CMSIS/Include -O0 -ffunction-sections -fdata-sections -Wall -fstack-usage -fcyclomatic-complexity -MMD -MP -MF"Core/Src/main.d" -MT"Core/Src/main.o" --specs=nano.specs -mfpu=fpv4-sp-d16 -mfloat-abi=hard -mthumb -o "Core/Src/main.o"
../Core/Src/main.c: In function 'main':
../Core/Src/main.c:115:38: warning: pointer targets in passing argument 2 of 'HAL_UART_Transmit' differ in signedness [-Wpointer-sign]
  115 |           HAL_UART_Transmit(&huart5, &value, 1, 500);
      |                                      ^~~~~~
      |                                      |
      |                                      char *
In file included from ../Core/Inc/stm32f4xx_hal_conf.h:411,
                 from ../Drivers/STM32F4xx_HAL_Driver/Inc/stm32f4xx_hal.h:29,
                 from ../Core/Inc/main.h:30,
                 from ../Core/Src/main.c:20:
../Drivers/STM32F4xx_HAL_Driver/Inc/stm32f4xx_hal_uart.h:745:79: note: expected 'const uint8_t *' {aka 'const unsigned char *'} but argument is of type 'char *'
  745 | HAL_StatusTypeDef HAL_UART_Transmit(UART_HandleTypeDef *huart, const uint8_t *pData, uint16_t Size, uint32_t Timeout);
      |                                                                ~~~~~~~~~~~~~~~^~~~~
arm-none-eabi-gcc -o "UART_Oscilloscope.elf" @"objects.list"   -mcpu=cortex-m4 -T"E:\Courses\23-24-II\Introduction of Measurement and Digital Control\2324II-Measurement-and-Digital-Control\Weekly Projects\UART_Oscilloscope\STM32F407VGTX_FLASH.ld" --specs=nosys.specs -Wl,-Map="UART_Oscilloscope.map" -Wl,--gc-sections -static --specs=nano.specs -mfpu=fpv4-sp-d16 -mfloat-abi=hard -mthumb -Wl,--start-group -lc -lm -Wl,--end-group
Finished building target: UART_Oscilloscope.elf
 
arm-none-eabi-size  UART_Oscilloscope.elf 
arm-none-eabi-objdump -h -S UART_Oscilloscope.elf  > "UART_Oscilloscope.list"
   text	   data	    bss	    dec	    hex	filename
  35416	    124	   4028	  39568	   9a90	UART_Oscilloscope.elf
Finished building: default.size.stdout
 
Finished building: UART_Oscilloscope.list
 
11:52:20 **** Incremental Build of configuration Debug for project UART_Oscilloscope ****
make -j12 all 
arm-none-eabi-gcc "../Core/Src/main.c" -mcpu=cortex-m4 -std=gnu11 -g3 -DDEBUG -DUSE_HAL_DRIVER -DSTM32F407xx -c -I../USB_HOST/App -I../USB_HOST/Target -I../Core/Inc -I../Drivers/STM32F4xx_HAL_Driver/Inc -I../Drivers/STM32F4xx_HAL_Driver/Inc/Legacy -I../Middlewares/ST/STM32_USB_Host_Library/Core/Inc -I../Middlewares/ST/STM32_USB_Host_Library/Class/CDC/Inc -I../Drivers/CMSIS/Device/ST/STM32F4xx/Include -I../Drivers/CMSIS/Include -O0 -ffunction-sections -fdata-sections -Wall -fstack-usage -fcyclomatic-complexity -MMD -MP -MF"Core/Src/main.d" -MT"Core/Src/main.o" --specs=nano.specs -mfpu=fpv4-sp-d16 -mfloat-abi=hard -mthumb -o "Core/Src/main.o"
../Core/Src/main.c: In function 'main':
../Core/Src/main.c:115:38: warning: pointer targets in passing argument 2 of 'HAL_UART_Transmit' differ in signedness [-Wpointer-sign]
  115 |           HAL_UART_Transmit(&huart5, &value, 1, 500);
      |                                      ^~~~~~
      |                                      |
      |                                      char *
In file included from ../Core/Inc/stm32f4xx_hal_conf.h:411,
                 from ../Drivers/STM32F4xx_HAL_Driver/Inc/stm32f4xx_hal.h:29,
                 from ../Core/Inc/main.h:30,
                 from ../Core/Src/main.c:20:
../Drivers/STM32F4xx_HAL_Driver/Inc/stm32f4xx_hal_uart.h:745:79: note: expected 'const uint8_t *' {aka 'const unsigned char *'} but argument is of type 'char *'
  745 | HAL_StatusTypeDef HAL_UART_Transmit(UART_HandleTypeDef *huart, const uint8_t *pData, uint16_t Size, uint32_t Timeout);
      |                                                                ~~~~~~~~~~~~~~~^~~~~
arm-none-eabi-gcc -o "UART_Oscilloscope.elf" @"objects.list"   -mcpu=cortex-m4 -T"E:\Courses\23-24-II\Introduction of Measurement and Digital Control\2324II-Measurement-and-Digital-Control\Weekly Projects\UART_Oscilloscope\STM32F407VGTX_FLASH.ld" --specs=nosys.specs -Wl,-Map="UART_Oscilloscope.map" -Wl,--gc-sections -static --specs=nano.specs -mfpu=fpv4-sp-d16 -mfloat-abi=hard -mthumb -Wl,--start-group -lc -lm -Wl,--end-group
Finished building target: UART_Oscilloscope.elf
 
arm-none-eabi-size  UART_Oscilloscope.elf 
arm-none-eabi-objdump -h -S UART_Oscilloscope.elf  > "UART_Oscilloscope.list"
   text	   data	    bss	    dec	    hex	filename
  35420	    124	   4028	  39572	   9a94	UART_Oscilloscope.elf
Finished building: default.size.stdout
 
Finished building: UART_Oscilloscope.list
 
11:53:00 **** Incremental Build of configuration Debug for project UART_Oscilloscope ****
make -j12 all 
arm-none-eabi-gcc "../Core/Src/main.c" -mcpu=cortex-m4 -std=gnu11 -g3 -DDEBUG -DUSE_HAL_DRIVER -DSTM32F407xx -c -I../USB_HOST/App -I../USB_HOST/Target -I../Core/Inc -I../Drivers/STM32F4xx_HAL_Driver/Inc -I../Drivers/STM32F4xx_HAL_Driver/Inc/Legacy -I../Middlewares/ST/STM32_USB_Host_Library/Core/Inc -I../Middlewares/ST/STM32_USB_Host_Library/Class/CDC/Inc -I../Drivers/CMSIS/Device/ST/STM32F4xx/Include -I../Drivers/CMSIS/Include -O0 -ffunction-sections -fdata-sections -Wall -fstack-usage -fcyclomatic-complexity -MMD -MP -MF"Core/Src/main.d" -MT"Core/Src/main.o" --specs=nano.specs -mfpu=fpv4-sp-d16 -mfloat-abi=hard -mthumb -o "Core/Src/main.o"
../Core/Src/main.c: In function 'main':
../Core/Src/main.c:115:38: warning: pointer targets in passing argument 2 of 'HAL_UART_Transmit' differ in signedness [-Wpointer-sign]
  115 |           HAL_UART_Transmit(&huart5, &value, 1, 500);
      |                                      ^~~~~~
      |                                      |
      |                                      char *
In file included from ../Core/Inc/stm32f4xx_hal_conf.h:411,
                 from ../Drivers/STM32F4xx_HAL_Driver/Inc/stm32f4xx_hal.h:29,
                 from ../Core/Inc/main.h:30,
                 from ../Core/Src/main.c:20:
../Drivers/STM32F4xx_HAL_Driver/Inc/stm32f4xx_hal_uart.h:745:79: note: expected 'const uint8_t *' {aka 'const unsigned char *'} but argument is of type 'char *'
  745 | HAL_StatusTypeDef HAL_UART_Transmit(UART_HandleTypeDef *huart, const uint8_t *pData, uint16_t Size, uint32_t Timeout);
      |                                                                ~~~~~~~~~~~~~~~^~~~~
arm-none-eabi-gcc -o "UART_Oscilloscope.elf" @"objects.list"   -mcpu=cortex-m4 -T"E:\Courses\23-24-II\Introduction of Measurement and Digital Control\2324II-Measurement-and-Digital-Control\Weekly Projects\UART_Oscilloscope\STM32F407VGTX_FLASH.ld" --specs=nosys.specs -Wl,-Map="UART_Oscilloscope.map" -Wl,--gc-sections -static --specs=nano.specs -mfpu=fpv4-sp-d16 -mfloat-abi=hard -mthumb -Wl,--start-group -lc -lm -Wl,--end-group
Finished building target: UART_Oscilloscope.elf
 
arm-none-eabi-size  UART_Oscilloscope.elf 
arm-none-eabi-objdump -h -S UART_Oscilloscope.elf  > "UART_Oscilloscope.list"
   text	   data	    bss	    dec	    hex	filename
  35420	    124	   4028	  39572	   9a94	UART_Oscilloscope.elf
Finished building: default.size.stdout
 
Finished building: UART_Oscilloscope.list
 
11:53:50 **** Incremental Build of configuration Debug for project UART_Oscilloscope ****
make -j12 all 
arm-none-eabi-gcc "../Core/Src/main.c" -mcpu=cortex-m4 -std=gnu11 -g3 -DDEBUG -DUSE_HAL_DRIVER -DSTM32F407xx -c -I../USB_HOST/App -I../USB_HOST/Target -I../Core/Inc -I../Drivers/STM32F4xx_HAL_Driver/Inc -I../Drivers/STM32F4xx_HAL_Driver/Inc/Legacy -I../Middlewares/ST/STM32_USB_Host_Library/Core/Inc -I../Middlewares/ST/STM32_USB_Host_Library/Class/CDC/Inc -I../Drivers/CMSIS/Device/ST/STM32F4xx/Include -I../Drivers/CMSIS/Include -O0 -ffunction-sections -fdata-sections -Wall -fstack-usage -fcyclomatic-complexity -MMD -MP -MF"Core/Src/main.d" -MT"Core/Src/main.o" --specs=nano.specs -mfpu=fpv4-sp-d16 -mfloat-abi=hard -mthumb -o "Core/Src/main.o"
../Core/Src/main.c: In function 'main':
../Core/Src/main.c:115:38: warning: pointer targets in passing argument 2 of 'HAL_UART_Transmit' differ in signedness [-Wpointer-sign]
  115 |           HAL_UART_Transmit(&huart5, &value, 1, 500);
      |                                      ^~~~~~
      |                                      |
      |                                      char *
In file included from ../Core/Inc/stm32f4xx_hal_conf.h:411,
                 from ../Drivers/STM32F4xx_HAL_Driver/Inc/stm32f4xx_hal.h:29,
                 from ../Core/Inc/main.h:30,
                 from ../Core/Src/main.c:20:
../Drivers/STM32F4xx_HAL_Driver/Inc/stm32f4xx_hal_uart.h:745:79: note: expected 'const uint8_t *' {aka 'const unsigned char *'} but argument is of type 'char *'
  745 | HAL_StatusTypeDef HAL_UART_Transmit(UART_HandleTypeDef *huart, const uint8_t *pData, uint16_t Size, uint32_t Timeout);
      |                                                                ~~~~~~~~~~~~~~~^~~~~
arm-none-eabi-gcc -o "UART_Oscilloscope.elf" @"objects.list"   -mcpu=cortex-m4 -T"E:\Courses\23-24-II\Introduction of Measurement and Digital Control\2324II-Measurement-and-Digital-Control\Weekly Projects\UART_Oscilloscope\STM32F407VGTX_FLASH.ld" --specs=nosys.specs -Wl,-Map="UART_Oscilloscope.map" -Wl,--gc-sections -static --specs=nano.specs -mfpu=fpv4-sp-d16 -mfloat-abi=hard -mthumb -Wl,--start-group -lc -lm -Wl,--end-group
Finished building target: UART_Oscilloscope.elf
 
arm-none-eabi-size  UART_Oscilloscope.elf 
arm-none-eabi-objdump -h -S UART_Oscilloscope.elf  > "UART_Oscilloscope.list"
   text	   data	    bss	    dec	    hex	filename
  35420	    124	   4028	  39572	   9a94	UART_Oscilloscope.elf
Finished building: default.size.stdout
 
Finished building: UART_Oscilloscope.list
 
12:01:18 **** Incremental Build of configuration Debug for project UART_Oscilloscope ****
make -j12 all 
arm-none-eabi-gcc "../Core/Src/main.c" -mcpu=cortex-m4 -std=gnu11 -g3 -DDEBUG -DUSE_HAL_DRIVER -DSTM32F407xx -c -I../USB_HOST/App -I../USB_HOST/Target -I../Core/Inc -I../Drivers/STM32F4xx_HAL_Driver/Inc -I../Drivers/STM32F4xx_HAL_Driver/Inc/Legacy -I../Middlewares/ST/STM32_USB_Host_Library/Core/Inc -I../Middlewares/ST/STM32_USB_Host_Library/Class/CDC/Inc -I../Drivers/CMSIS/Device/ST/STM32F4xx/Include -I../Drivers/CMSIS/Include -O0 -ffunction-sections -fdata-sections -Wall -fstack-usage -fcyclomatic-complexity -MMD -MP -MF"Core/Src/main.d" -MT"Core/Src/main.o" --specs=nano.specs -mfpu=fpv4-sp-d16 -mfloat-abi=hard -mthumb -o "Core/Src/main.o"
../Core/Src/main.c: In function 'main':
../Core/Src/main.c:112:19: warning: implicit declaration of function 'snprintf' [-Wimplicit-function-declaration]
  112 |                   snprintf(buffer, sizeof(buffer), "%lu\n");
      |                   ^~~~~~~~
../Core/Src/main.c:22:1: note: include '<stdio.h>' or provide a declaration of 'snprintf'
   21 | #include "usb_host.h"
  +++ |+#include <stdio.h>
   22 | 
../Core/Src/main.c:112:19: warning: incompatible implicit declaration of built-in function 'snprintf' [-Wbuiltin-declaration-mismatch]
  112 |                   snprintf(buffer, sizeof(buffer), "%lu\n");
      |                   ^~~~~~~~
../Core/Src/main.c:112:19: note: include '<stdio.h>' or provide a declaration of 'snprintf'
../Core/Src/main.c:112:55: warning: format '%lu' expects a matching 'long unsigned int' argument [-Wformat=]
  112 |                   snprintf(buffer, sizeof(buffer), "%lu\n");
      |                                                     ~~^
      |                                                       |
      |                                                       long unsigned int
../Core/Src/main.c:117:38: warning: pointer targets in passing argument 2 of 'HAL_UART_Transmit' differ in signedness [-Wpointer-sign]
  117 |           HAL_UART_Transmit(&huart5, buffer, 1, 500);
      |                                      ^~~~~~
      |                                      |
      |                                      char *
In file included from ../Core/Inc/stm32f4xx_hal_conf.h:411,
                 from ../Drivers/STM32F4xx_HAL_Driver/Inc/stm32f4xx_hal.h:29,
                 from ../Core/Inc/main.h:30,
                 from ../Core/Src/main.c:20:
../Drivers/STM32F4xx_HAL_Driver/Inc/stm32f4xx_hal_uart.h:745:79: note: expected 'const uint8_t *' {aka 'const unsigned char *'} but argument is of type 'char *'
  745 | HAL_StatusTypeDef HAL_UART_Transmit(UART_HandleTypeDef *huart, const uint8_t *pData, uint16_t Size, uint32_t Timeout);
      |                                                                ~~~~~~~~~~~~~~~^~~~~
../Core/Src/main.c:108:20: warning: variable 'value' set but not used [-Wunused-but-set-variable]
  108 |           uint32_t value = 0;
      |                    ^~~~~
arm-none-eabi-gcc -o "UART_Oscilloscope.elf" @"objects.list"   -mcpu=cortex-m4 -T"E:\Courses\23-24-II\Introduction of Measurement and Digital Control\2324II-Measurement-and-Digital-Control\Weekly Projects\UART_Oscilloscope\STM32F407VGTX_FLASH.ld" --specs=nosys.specs -Wl,-Map="UART_Oscilloscope.map" -Wl,--gc-sections -static --specs=nano.specs -mfpu=fpv4-sp-d16 -mfloat-abi=hard -mthumb -Wl,--start-group -lc -lm -Wl,--end-group
Finished building target: UART_Oscilloscope.elf
 
arm-none-eabi-size  UART_Oscilloscope.elf 
arm-none-eabi-objdump -h -S UART_Oscilloscope.elf  > "UART_Oscilloscope.list"
   text	   data	    bss	    dec	    hex	filename
  37428	    124	   4028	  41580	   a26c	UART_Oscilloscope.elf
Finished building: default.size.stdout
 
Finished building: UART_Oscilloscope.list
 
12:02:56 **** Incremental Build of configuration Debug for project UART_Oscilloscope ****
make -j12 all 
arm-none-eabi-gcc "../Core/Src/main.c" -mcpu=cortex-m4 -std=gnu11 -g3 -DDEBUG -DUSE_HAL_DRIVER -DSTM32F407xx -c -I../USB_HOST/App -I../USB_HOST/Target -I../Core/Inc -I../Drivers/STM32F4xx_HAL_Driver/Inc -I../Drivers/STM32F4xx_HAL_Driver/Inc/Legacy -I../Middlewares/ST/STM32_USB_Host_Library/Core/Inc -I../Middlewares/ST/STM32_USB_Host_Library/Class/CDC/Inc -I../Drivers/CMSIS/Device/ST/STM32F4xx/Include -I../Drivers/CMSIS/Include -O0 -ffunction-sections -fdata-sections -Wall -fstack-usage -fcyclomatic-complexity -MMD -MP -MF"Core/Src/main.d" -MT"Core/Src/main.o" --specs=nano.specs -mfpu=fpv4-sp-d16 -mfloat-abi=hard -mthumb -o "Core/Src/main.o"
../Core/Src/main.c: In function 'main':
../Core/Src/main.c:112:19: warning: implicit declaration of function 'snprintf' [-Wimplicit-function-declaration]
  112 |                   snprintf(buffer, sizeof(buffer), "%lu\n");
      |                   ^~~~~~~~
../Core/Src/main.c:22:1: note: include '<stdio.h>' or provide a declaration of 'snprintf'
   21 | #include "usb_host.h"
  +++ |+#include <stdio.h>
   22 | 
../Core/Src/main.c:112:19: warning: incompatible implicit declaration of built-in function 'snprintf' [-Wbuiltin-declaration-mismatch]
  112 |                   snprintf(buffer, sizeof(buffer), "%lu\n");
      |                   ^~~~~~~~
../Core/Src/main.c:112:19: note: include '<stdio.h>' or provide a declaration of 'snprintf'
../Core/Src/main.c:112:55: warning: format '%lu' expects a matching 'long unsigned int' argument [-Wformat=]
  112 |                   snprintf(buffer, sizeof(buffer), "%lu\n");
      |                                                     ~~^
      |                                                       |
      |                                                       long unsigned int
../Core/Src/main.c:117:56: warning: implicit declaration of function 'strlen' [-Wimplicit-function-declaration]
  117 |           HAL_UART_Transmit(&huart5, (uint8_t*)buffer, strlen(buffer), 500);
      |                                                        ^~~~~~
../Core/Src/main.c:22:1: note: include '<string.h>' or provide a declaration of 'strlen'
   21 | #include "usb_host.h"
  +++ |+#include <string.h>
   22 | 
../Core/Src/main.c:117:56: warning: incompatible implicit declaration of built-in function 'strlen' [-Wbuiltin-declaration-mismatch]
  117 |           HAL_UART_Transmit(&huart5, (uint8_t*)buffer, strlen(buffer), 500);
      |                                                        ^~~~~~
../Core/Src/main.c:117:56: note: include '<string.h>' or provide a declaration of 'strlen'
../Core/Src/main.c:108:20: warning: variable 'value' set but not used [-Wunused-but-set-variable]
  108 |           uint32_t value = 0;
      |                    ^~~~~
arm-none-eabi-gcc -o "UART_Oscilloscope.elf" @"objects.list"   -mcpu=cortex-m4 -T"E:\Courses\23-24-II\Introduction of Measurement and Digital Control\2324II-Measurement-and-Digital-Control\Weekly Projects\UART_Oscilloscope\STM32F407VGTX_FLASH.ld" --specs=nosys.specs -Wl,-Map="UART_Oscilloscope.map" -Wl,--gc-sections -static --specs=nano.specs -mfpu=fpv4-sp-d16 -mfloat-abi=hard -mthumb -Wl,--start-group -lc -lm -Wl,--end-group
Finished building target: UART_Oscilloscope.elf
 
arm-none-eabi-size  UART_Oscilloscope.elf 
arm-none-eabi-objdump -h -S UART_Oscilloscope.elf  > "UART_Oscilloscope.list"
   text	   data	    bss	    dec	    hex	filename
  37456	    124	   4028	  41608	   a288	UART_Oscilloscope.elf
Finished building: default.size.stdout
 
Finished building: UART_Oscilloscope.list
 
12:03:57 **** Incremental Build of configuration Debug for project UART_Oscilloscope ****
make -j12 all 
arm-none-eabi-gcc "../Core/Src/main.c" -mcpu=cortex-m4 -std=gnu11 -g3 -DDEBUG -DUSE_HAL_DRIVER -DSTM32F407xx -c -I../USB_HOST/App -I../USB_HOST/Target -I../Core/Inc -I../Drivers/STM32F4xx_HAL_Driver/Inc -I../Drivers/STM32F4xx_HAL_Driver/Inc/Legacy -I../Middlewares/ST/STM32_USB_Host_Library/Core/Inc -I../Middlewares/ST/STM32_USB_Host_Library/Class/CDC/Inc -I../Drivers/CMSIS/Device/ST/STM32F4xx/Include -I../Drivers/CMSIS/Include -O0 -ffunction-sections -fdata-sections -Wall -fstack-usage -fcyclomatic-complexity -MMD -MP -MF"Core/Src/main.d" -MT"Core/Src/main.o" --specs=nano.specs -mfpu=fpv4-sp-d16 -mfloat-abi=hard -mthumb -o "Core/Src/main.o"
../Core/Src/main.c: In function 'main':
../Core/Src/main.c:112:19: warning: implicit declaration of function 'snprintf' [-Wimplicit-function-declaration]
  112 |                   snprintf(buffer, sizeof(buffer), "%lu\n", value);
      |                   ^~~~~~~~
../Core/Src/main.c:22:1: note: include '<stdio.h>' or provide a declaration of 'snprintf'
   21 | #include "usb_host.h"
  +++ |+#include <stdio.h>
   22 | 
../Core/Src/main.c:112:19: warning: incompatible implicit declaration of built-in function 'snprintf' [-Wbuiltin-declaration-mismatch]
  112 |                   snprintf(buffer, sizeof(buffer), "%lu\n", value);
      |                   ^~~~~~~~
../Core/Src/main.c:112:19: note: include '<stdio.h>' or provide a declaration of 'snprintf'
../Core/Src/main.c:117:56: warning: implicit declaration of function 'strlen' [-Wimplicit-function-declaration]
  117 |           HAL_UART_Transmit(&huart5, (uint8_t*)buffer, strlen(buffer), 500);
      |                                                        ^~~~~~
../Core/Src/main.c:22:1: note: include '<string.h>' or provide a declaration of 'strlen'
   21 | #include "usb_host.h"
  +++ |+#include <string.h>
   22 | 
../Core/Src/main.c:117:56: warning: incompatible implicit declaration of built-in function 'strlen' [-Wbuiltin-declaration-mismatch]
  117 |           HAL_UART_Transmit(&huart5, (uint8_t*)buffer, strlen(buffer), 500);
      |                                                        ^~~~~~
../Core/Src/main.c:117:56: note: include '<string.h>' or provide a declaration of 'strlen'
arm-none-eabi-gcc -o "UART_Oscilloscope.elf" @"objects.list"   -mcpu=cortex-m4 -T"E:\Courses\23-24-II\Introduction of Measurement and Digital Control\2324II-Measurement-and-Digital-Control\Weekly Projects\UART_Oscilloscope\STM32F407VGTX_FLASH.ld" --specs=nosys.specs -Wl,-Map="UART_Oscilloscope.map" -Wl,--gc-sections -static --specs=nano.specs -mfpu=fpv4-sp-d16 -mfloat-abi=hard -mthumb -Wl,--start-group -lc -lm -Wl,--end-group
Finished building target: UART_Oscilloscope.elf
 
arm-none-eabi-size  UART_Oscilloscope.elf 
arm-none-eabi-objdump -h -S UART_Oscilloscope.elf  > "UART_Oscilloscope.list"
   text	   data	    bss	    dec	    hex	filename
  37456	    124	   4028	  41608	   a288	UART_Oscilloscope.elf
Finished building: default.size.stdout
 
Finished building: UART_Oscilloscope.list
 
19:57:22 **** Incremental Build of configuration Debug for project UART_Oscilloscope ****
make -j12 all 
arm-none-eabi-gcc "../Core/Src/main.c" -mcpu=cortex-m4 -std=gnu11 -g3 -DDEBUG -DUSE_HAL_DRIVER -DSTM32F407xx -c -I../USB_HOST/App -I../USB_HOST/Target -I../Core/Inc -I../Drivers/STM32F4xx_HAL_Driver/Inc -I../Drivers/STM32F4xx_HAL_Driver/Inc/Legacy -I../Middlewares/ST/STM32_USB_Host_Library/Core/Inc -I../Middlewares/ST/STM32_USB_Host_Library/Class/CDC/Inc -I../Drivers/CMSIS/Device/ST/STM32F4xx/Include -I../Drivers/CMSIS/Include -O0 -ffunction-sections -fdata-sections -Wall -fstack-usage -fcyclomatic-complexity -MMD -MP -MF"Core/Src/main.d" -MT"Core/Src/main.o" --specs=nano.specs -mfpu=fpv4-sp-d16 -mfloat-abi=hard -mthumb -o "Core/Src/main.o"
../Core/Src/main.c: In function 'main':
../Core/Src/main.c:114:11: warning: implicit declaration of function 'snprintf' [-Wimplicit-function-declaration]
  114 |           snprintf(buffer, sizeof(buffer), "%lu\n", value);
      |           ^~~~~~~~
../Core/Src/main.c:23:1: note: include '<stdio.h>' or provide a declaration of 'snprintf'
   22 | #include <math.h>
  +++ |+#include <stdio.h>
   23 | /* Private includes ----------------------------------------------------------*/
../Core/Src/main.c:114:11: warning: incompatible implicit declaration of built-in function 'snprintf' [-Wbuiltin-declaration-mismatch]
  114 |           snprintf(buffer, sizeof(buffer), "%lu\n", value);
      |           ^~~~~~~~
../Core/Src/main.c:114:11: note: include '<stdio.h>' or provide a declaration of 'snprintf'
../Core/Src/main.c:119:56: warning: implicit declaration of function 'strlen' [-Wimplicit-function-declaration]
  119 |           HAL_UART_Transmit(&huart5, (uint8_t*)buffer, strlen(buffer), 500);
      |                                                        ^~~~~~
../Core/Src/main.c:23:1: note: include '<string.h>' or provide a declaration of 'strlen'
   22 | #include <math.h>
  +++ |+#include <string.h>
   23 | /* Private includes ----------------------------------------------------------*/
../Core/Src/main.c:119:56: warning: incompatible implicit declaration of built-in function 'strlen' [-Wbuiltin-declaration-mismatch]
  119 |           HAL_UART_Transmit(&huart5, (uint8_t*)buffer, strlen(buffer), 500);
      |                                                        ^~~~~~
../Core/Src/main.c:119:56: note: include '<string.h>' or provide a declaration of 'strlen'
arm-none-eabi-gcc -o "UART_Oscilloscope.elf" @"objects.list"   -mcpu=cortex-m4 -T"E:\Courses\23-24-II\Introduction of Measurement and Digital Control\2324II-Measurement-and-Digital-Control\Weekly Projects\UART_Oscilloscope\STM32F407VGTX_FLASH.ld" --specs=nosys.specs -Wl,-Map="UART_Oscilloscope.map" -Wl,--gc-sections -static --specs=nano.specs -mfpu=fpv4-sp-d16 -mfloat-abi=hard -mthumb -Wl,--start-group -lc -lm -Wl,--end-group
Finished building target: UART_Oscilloscope.elf
 
arm-none-eabi-size  UART_Oscilloscope.elf 
[...]
../Core/Src/main.c:22:1: note: include '<string.h>' or provide a declaration of 'strlen'
   21 | #include "usb_host.h"
  +++ |+#include <string.h>
   22 | 
../Core/Src/main.c:118:63: warning: incompatible implicit declaration of built-in function 'strlen' [-Wbuiltin-declaration-mismatch]
  118 |                  HAL_UART_Transmit(&huart5, (uint8_t*)buffer, strlen(buffer), 500);
      |                                                               ^~~~~~
../Core/Src/main.c:118:63: note: include '<string.h>' or provide a declaration of 'strlen'
arm-none-eabi-gcc -o "UART_FuncGen.elf" @"objects.list"   -mcpu=cortex-m4 -T"E:\Courses\23-24-II\Introduction of Measurement and Digital Control\2324II-Measurement-and-Digital-Control\Weekly Projects\UART_FuncGen\STM32F407VGTX_FLASH.ld" --specs=nosys.specs -Wl,-Map="UART_FuncGen.map" -Wl,--gc-sections -static --specs=nano.specs -mfpu=fpv4-sp-d16 -mfloat-abi=hard -mthumb -Wl,--start-group -lc -lm -Wl,--end-group
Finished building target: UART_FuncGen.elf
 
arm-none-eabi-size  UART_FuncGen.elf 
arm-none-eabi-objdump -h -S UART_FuncGen.elf  > "UART_FuncGen.list"
   text	   data	    bss	    dec	    hex	filename
  30536	    124	   4124	  34784	   87e0	UART_FuncGen.elf
Finished building: default.size.stdout
 
Finished building: UART_FuncGen.list
 
15:31:22 **** Incremental Build of configuration Debug for project UART_FuncGen ****
make -j12 all 
arm-none-eabi-size  UART_FuncGen.elf 
   text	   data	    bss	    dec	    hex	filename
  30536	    124	   4124	  34784	   87e0	UART_FuncGen.elf
Finished building: default.size.stdout
 
16:05:31 **** Incremental Build of configuration Debug for project UART_FuncGen ****
make -j12 all 
arm-none-eabi-gcc "../Core/Src/main.c" -mcpu=cortex-m4 -std=gnu11 -g3 -DDEBUG -DUSE_HAL_DRIVER -DSTM32F407xx -c -I../USB_HOST/App -I../USB_HOST/Target -I../Core/Inc -I../Drivers/STM32F4xx_HAL_Driver/Inc -I../Drivers/STM32F4xx_HAL_Driver/Inc/Legacy -I../Middlewares/ST/STM32_USB_Host_Library/Core/Inc -I../Middlewares/ST/STM32_USB_Host_Library/Class/CDC/Inc -I../Drivers/CMSIS/Device/ST/STM32F4xx/Include -I../Drivers/CMSIS/Include -O0 -ffunction-sections -fdata-sections -Wall -fstack-usage -fcyclomatic-complexity -MMD -MP -MF"Core/Src/main.d" -MT"Core/Src/main.o" --specs=nano.specs -mfpu=fpv4-sp-d16 -mfloat-abi=hard -mthumb -o "Core/Src/main.o"
../Core/Src/main.c: In function 'main':
../Core/Src/main.c:114:65: error: 'value' undeclared (first use in this function)
  114 |          if (HAL_UART_Receive(&huart5, (uint8_t*)buffer, sizeof(value), 500) == HAL_OK){
      |                                                                 ^~~~~
../Core/Src/main.c:114:65: note: each undeclared identifier is reported only once for each function it appears in
../Core/Src/main.c:118:63: warning: implicit declaration of function 'strlen' [-Wimplicit-function-declaration]
  118 |                  HAL_UART_Transmit(&huart5, (uint8_t*)buffer, strlen(buffer), 500);
      |                                                               ^~~~~~
../Core/Src/main.c:22:1: note: include '<string.h>' or provide a declaration of 'strlen'
   21 | #include "usb_host.h"
  +++ |+#include <string.h>
   22 | 
../Core/Src/main.c:118:63: warning: incompatible implicit declaration of built-in function 'strlen' [-Wbuiltin-declaration-mismatch]
  118 |                  HAL_UART_Transmit(&huart5, (uint8_t*)buffer, strlen(buffer), 500);
      |                                                               ^~~~~~
../Core/Src/main.c:118:63: note: include '<string.h>' or provide a declaration of 'strlen'
make: *** [Core/Src/subdir.mk:34: Core/Src/main.o] Error 1
"make -j12 all" terminated with exit code 2. Build might be incomplete.
16:05:47 **** Incremental Build of configuration Debug for project UART_FuncGen ****
make -j12 all 
arm-none-eabi-gcc "../Core/Src/main.c" -mcpu=cortex-m4 -std=gnu11 -g3 -DDEBUG -DUSE_HAL_DRIVER -DSTM32F407xx -c -I../USB_HOST/App -I../USB_HOST/Target -I../Core/Inc -I../Drivers/STM32F4xx_HAL_Driver/Inc -I../Drivers/STM32F4xx_HAL_Driver/Inc/Legacy -I../Middlewares/ST/STM32_USB_Host_Library/Core/Inc -I../Middlewares/ST/STM32_USB_Host_Library/Class/CDC/Inc -I../Drivers/CMSIS/Device/ST/STM32F4xx/Include -I../Drivers/CMSIS/Include -O0 -ffunction-sections -fdata-sections -Wall -fstack-usage -fcyclomatic-complexity -MMD -MP -MF"Core/Src/main.d" -MT"Core/Src/main.o" --specs=nano.specs -mfpu=fpv4-sp-d16 -mfloat-abi=hard -mthumb -o "Core/Src/main.o"
../Core/Src/main.c: In function 'main':
../Core/Src/main.c:118:63: warning: implicit declaration of function 'strlen' [-Wimplicit-function-declaration]
  118 |                  HAL_UART_Transmit(&huart5, (uint8_t*)buffer, strlen(buffer), 500);
      |                                                               ^~~~~~
../Core/Src/main.c:22:1: note: include '<string.h>' or provide a declaration of 'strlen'
   21 | #include "usb_host.h"
  +++ |+#include <string.h>
   22 | 
../Core/Src/main.c:118:63: warning: incompatible implicit declaration of built-in function 'strlen' [-Wbuiltin-declaration-mismatch]
  118 |                  HAL_UART_Transmit(&huart5, (uint8_t*)buffer, strlen(buffer), 500);
      |                                                               ^~~~~~
../Core/Src/main.c:118:63: note: include '<string.h>' or provide a declaration of 'strlen'
arm-none-eabi-gcc -o "UART_FuncGen.elf" @"objects.list"   -mcpu=cortex-m4 -T"E:\Courses\23-24-II\Introduction of Measurement and Digital Control\2324II-Measurement-and-Digital-Control\Weekly Projects\UART_FuncGen\STM32F407VGTX_FLASH.ld" --specs=nosys.specs -Wl,-Map="UART_FuncGen.map" -Wl,--gc-sections -static --specs=nano.specs -mfpu=fpv4-sp-d16 -mfloat-abi=hard -mthumb -Wl,--start-group -lc -lm -Wl,--end-group
Finished building target: UART_FuncGen.elf
 
arm-none-eabi-size  UART_FuncGen.elf 
arm-none-eabi-objdump -h -S UART_FuncGen.elf  > "UART_FuncGen.list"
   text	   data	    bss	    dec	    hex	filename
  30536	    124	   4124	  34784	   87e0	UART_FuncGen.elf
Finished building: default.size.stdout
 
Finished building: UART_FuncGen.list
 
16:06:34 **** Incremental Build of configuration Debug for project UART_FuncGen ****
make -j12 all 
arm-none-eabi-gcc "../Core/Src/main.c" -mcpu=cortex-m4 -std=gnu11 -g3 -DDEBUG -DUSE_HAL_DRIVER -DSTM32F407xx -c -I../USB_HOST/App -I../USB_HOST/Target -I../Core/Inc -I../Drivers/STM32F4xx_HAL_Driver/Inc -I../Drivers/STM32F4xx_HAL_Driver/Inc/Legacy -I../Middlewares/ST/STM32_USB_Host_Library/Core/Inc -I../Middlewares/ST/STM32_USB_Host_Library/Class/CDC/Inc -I../Drivers/CMSIS/Device/ST/STM32F4xx/Include -I../Drivers/CMSIS/Include -O0 -ffunction-sections -fdata-sections -Wall -fstack-usage -fcyclomatic-complexity -MMD -MP -MF"Core/Src/main.d" -MT"Core/Src/main.o" --specs=nano.specs -mfpu=fpv4-sp-d16 -mfloat-abi=hard -mthumb -o "Core/Src/main.o"
../Core/Src/main.c: In function 'main':
../Core/Src/main.c:118:63: warning: implicit declaration of function 'strlen' [-Wimplicit-function-declaration]
  118 |                  HAL_UART_Transmit(&huart5, (uint8_t*)buffer, strlen(buffer), 500);
      |                                                               ^~~~~~
../Core/Src/main.c:22:1: note: include '<string.h>' or provide a declaration of 'strlen'
   21 | #include "usb_host.h"
  +++ |+#include <string.h>
   22 | 
../Core/Src/main.c:118:63: warning: incompatible implicit declaration of built-in function 'strlen' [-Wbuiltin-declaration-mismatch]
  118 |                  HAL_UART_Transmit(&huart5, (uint8_t*)buffer, strlen(buffer), 500);
      |                                                               ^~~~~~
../Core/Src/main.c:118:63: note: include '<string.h>' or provide a declaration of 'strlen'
arm-none-eabi-gcc -o "UART_FuncGen.elf" @"objects.list"   -mcpu=cortex-m4 -T"E:\Courses\23-24-II\Introduction of Measurement and Digital Control\2324II-Measurement-and-Digital-Control\Weekly Projects\UART_FuncGen\STM32F407VGTX_FLASH.ld" --specs=nosys.specs -Wl,-Map="UART_FuncGen.map" -Wl,--gc-sections -static --specs=nano.specs -mfpu=fpv4-sp-d16 -mfloat-abi=hard -mthumb -Wl,--start-group -lc -lm -Wl,--end-group
Finished building target: UART_FuncGen.elf
 
arm-none-eabi-size  UART_FuncGen.elf 
arm-none-eabi-objdump -h -S UART_FuncGen.elf  > "UART_FuncGen.list"
   text	   data	    bss	    dec	    hex	filename
  30536	    124	   4124	  34784	   87e0	UART_FuncGen.elf
Finished building: default.size.stdout
 
Finished building: UART_FuncGen.list
 
16:08:29 **** Incremental Build of configuration Debug for project UART_FuncGen ****
make -j12 all 
arm-none-eabi-gcc "../Core/Src/main.c" -mcpu=cortex-m4 -std=gnu11 -g3 -DDEBUG -DUSE_HAL_DRIVER -DSTM32F407xx -c -I../USB_HOST/App -I../USB_HOST/Target -I../Core/Inc -I../Drivers/STM32F4xx_HAL_Driver/Inc -I../Drivers/STM32F4xx_HAL_Driver/Inc/Legacy -I../Middlewares/ST/STM32_USB_Host_Library/Core/Inc -I../Middlewares/ST/STM32_USB_Host_Library/Class/CDC/Inc -I../Drivers/CMSIS/Device/ST/STM32F4xx/Include -I../Drivers/CMSIS/Include -O0 -ffunction-sections -fdata-sections -Wall -fstack-usage -fcyclomatic-complexity -MMD -MP -MF"Core/Src/main.d" -MT"Core/Src/main.o" --specs=nano.specs -mfpu=fpv4-sp-d16 -mfloat-abi=hard -mthumb -o "Core/Src/main.o"
../Core/Src/main.c: In function 'main':
../Core/Src/main.c:118:63: warning: implicit declaration of function 'strlen' [-Wimplicit-function-declaration]
  118 |                  HAL_UART_Transmit(&huart5, (uint8_t*)buffer, strlen(buffer), 500);
      |                                                               ^~~~~~
../Core/Src/main.c:22:1: note: include '<string.h>' or provide a declaration of 'strlen'
   21 | #include "usb_host.h"
  +++ |+#include <string.h>
   22 | 
../Core/Src/main.c:118:63: warning: incompatible implicit declaration of built-in function 'strlen' [-Wbuiltin-declaration-mismatch]
  118 |                  HAL_UART_Transmit(&huart5, (uint8_t*)buffer, strlen(buffer), 500);
      |                                                               ^~~~~~
../Core/Src/main.c:118:63: note: include '<string.h>' or provide a declaration of 'strlen'
arm-none-eabi-gcc -o "UART_FuncGen.elf" @"objects.list"   -mcpu=cortex-m4 -T"E:\Courses\23-24-II\Introduction of Measurement and Digital Control\2324II-Measurement-and-Digital-Control\Weekly Projects\UART_FuncGen\STM32F407VGTX_FLASH.ld" --specs=nosys.specs -Wl,-Map="UART_FuncGen.map" -Wl,--gc-sections -static --specs=nano.specs -mfpu=fpv4-sp-d16 -mfloat-abi=hard -mthumb -Wl,--start-group -lc -lm -Wl,--end-group
Finished building target: UART_FuncGen.elf
 
arm-none-eabi-size  UART_FuncGen.elf 
arm-none-eabi-objdump -h -S UART_FuncGen.elf  > "UART_FuncGen.list"
   text	   data	    bss	    dec	    hex	filename
  30532	    124	   4124	  34780	   87dc	UART_FuncGen.elf
Finished building: default.size.stdout
 
Finished building: UART_FuncGen.list
 
16:10:02 **** Incremental Build of configuration Debug for project UART_FuncGen ****
make -j12 all 
arm-none-eabi-gcc "../Core/Src/main.c" -mcpu=cortex-m4 -std=gnu11 -g3 -DDEBUG -DUSE_HAL_DRIVER -DSTM32F407xx -c -I../USB_HOST/App -I../USB_HOST/Target -I../Core/Inc -I../Drivers/STM32F4xx_HAL_Driver/Inc -I../Drivers/STM32F4xx_HAL_Driver/Inc/Legacy -I../Middlewares/ST/STM32_USB_Host_Library/Core/Inc -I../Middlewares/ST/STM32_USB_Host_Library/Class/CDC/Inc -I../Drivers/CMSIS/Device/ST/STM32F4xx/Include -I../Drivers/CMSIS/Include -O0 -ffunction-sections -fdata-sections -Wall -fstack-usage -fcyclomatic-complexity -MMD -MP -MF"Core/Src/main.d" -MT"Core/Src/main.o" --specs=nano.specs -mfpu=fpv4-sp-d16 -mfloat-abi=hard -mthumb -o "Core/Src/main.o"
../Core/Src/main.c: In function 'main':
../Core/Src/main.c:118:63: warning: implicit declaration of function 'strlen' [-Wimplicit-function-declaration]
  118 |                  HAL_UART_Transmit(&huart5, (uint8_t*)buffer, strlen(buffer), 500);
      |                                                               ^~~~~~
../Core/Src/main.c:22:1: note: include '<string.h>' or provide a declaration of 'strlen'
   21 | #include "usb_host.h"
  +++ |+#include <string.h>
   22 | 
../Core/Src/main.c:118:63: warning: incompatible implicit declaration of built-in function 'strlen' [-Wbuiltin-declaration-mismatch]
  118 |                  HAL_UART_Transmit(&huart5, (uint8_t*)buffer, strlen(buffer), 500);
      |                                                               ^~~~~~
../Core/Src/main.c:118:63: note: include '<string.h>' or provide a declaration of 'strlen'
../Core/Src/main.c:123:37: error: called object 'voltage' is not a function or function pointer
  123 |          uint32_t value = (uint32_t)voltage
      |                                     ^~~~~~~
../Core/Src/main.c:109:8: note: declared here
  109 |   char voltage;
      |        ^~~~~~~
make: *** [Core/Src/subdir.mk:34: Core/Src/main.o] Error 1
"make -j12 all" terminated with exit code 2. Build might be incomplete.
16:10:17 **** Incremental Build of configuration Debug for project UART_FuncGen ****
make -j12 all 
arm-none-eabi-gcc "../Core/Src/main.c" -mcpu=cortex-m4 -std=gnu11 -g3 -DDEBUG -DUSE_HAL_DRIVER -DSTM32F407xx -c -I../USB_HOST/App -I../USB_HOST/Target -I../Core/Inc -I../Drivers/STM32F4xx_HAL_Driver/Inc -I../Drivers/STM32F4xx_HAL_Driver/Inc/Legacy -I../Middlewares/ST/STM32_USB_Host_Library/Core/Inc -I../Middlewares/ST/STM32_USB_Host_Library/Class/CDC/Inc -I../Drivers/CMSIS/Device/ST/STM32F4xx/Include -I../Drivers/CMSIS/Include -O0 -ffunction-sections -fdata-sections -Wall -fstack-usage -fcyclomatic-complexity -MMD -MP -MF"Core/Src/main.d" -MT"Core/Src/main.o" --specs=nano.specs -mfpu=fpv4-sp-d16 -mfloat-abi=hard -mthumb -o "Core/Src/main.o"
../Core/Src/main.c: In function 'main':
../Core/Src/main.c:118:63: warning: implicit declaration of function 'strlen' [-Wimplicit-function-declaration]
  118 |                  HAL_UART_Transmit(&huart5, (uint8_t*)buffer, strlen(buffer), 500);
      |                                                               ^~~~~~
../Core/Src/main.c:22:1: note: include '<string.h>' or provide a declaration of 'strlen'
   21 | #include "usb_host.h"
  +++ |+#include <string.h>
   22 | 
../Core/Src/main.c:118:63: warning: incompatible implicit declaration of built-in function 'strlen' [-Wbuiltin-declaration-mismatch]
  118 |                  HAL_UART_Transmit(&huart5, (uint8_t*)buffer, strlen(buffer), 500);
      |                                                               ^~~~~~
../Core/Src/main.c:118:63: note: include '<string.h>' or provide a declaration of 'strlen'
arm-none-eabi-gcc -o "UART_FuncGen.elf" @"objects.list"   -mcpu=cortex-m4 -T"E:\Courses\23-24-II\Introduction of Measurement and Digital Control\2324II-Measurement-and-Digital-Control\Weekly Projects\UART_FuncGen\STM32F407VGTX_FLASH.ld" --specs=nosys.specs -Wl,-Map="UART_FuncGen.map" -Wl,--gc-sections -static --specs=nano.specs -mfpu=fpv4-sp-d16 -mfloat-abi=hard -mthumb -Wl,--start-group -lc -lm -Wl,--end-group
Finished building target: UART_FuncGen.elf
 
arm-none-eabi-size  UART_FuncGen.elf 
arm-none-eabi-objdump -h -S UART_FuncGen.elf  > "UART_FuncGen.list"
   text	   data	    bss	    dec	    hex	filename
  30540	    124	   4124	  34788	   87e4	UART_FuncGen.elf
Finished building: default.size.stdout
 
Finished building: UART_FuncGen.list
 
16:13:08 **** Incremental Build of configuration Debug for project UART_FuncGen ****
make -j12 all 
arm-none-eabi-gcc "../Core/Src/main.c" -mcpu=cortex-m4 -std=gnu11 -g3 -DDEBUG -DUSE_HAL_DRIVER -DSTM32F407xx -c -I../USB_HOST/App -I../USB_HOST/Target -I../Core/Inc -I../Drivers/STM32F4xx_HAL_Driver/Inc -I../Drivers/STM32F4xx_HAL_Driver/Inc/Legacy -I../Middlewares/ST/STM32_USB_Host_Library/Core/Inc -I../Middlewares/ST/STM32_USB_Host_Library/Class/CDC/Inc -I../Drivers/CMSIS/Device/ST/STM32F4xx/Include -I../Drivers/CMSIS/Include -O0 -ffunction-sections -fdata-sections -Wall -fstack-usage -fcyclomatic-complexity -MMD -MP -MF"Core/Src/main.d" -MT"Core/Src/main.o" --specs=nano.specs -mfpu=fpv4-sp-d16 -mfloat-abi=hard -mthumb -o "Core/Src/main.o"
../Core/Src/main.c: In function 'main':
../Core/Src/main.c:118:63: warning: implicit declaration of function 'strlen' [-Wimplicit-function-declaration]
  118 |                  HAL_UART_Transmit(&huart5, (uint8_t*)buffer, strlen(buffer), 500);
      |                                                               ^~~~~~
../Core/Src/main.c:22:1: note: include '<string.h>' or provide a declaration of 'strlen'
   21 | #include "usb_host.h"
  +++ |+#include <string.h>
   22 | 
../Core/Src/main.c:118:63: warning: incompatible implicit declaration of built-in function 'strlen' [-Wbuiltin-declaration-mismatch]
  118 |                  HAL_UART_Transmit(&huart5, (uint8_t*)buffer, strlen(buffer), 500);
      |                                                               ^~~~~~
../Core/Src/main.c:118:63: note: include '<string.h>' or provide a declaration of 'strlen'
arm-none-eabi-gcc -o "UART_FuncGen.elf" @"objects.list"   -mcpu=cortex-m4 -T"E:\Courses\23-24-II\Introduction of Measurement and Digital Control\2324II-Measurement-and-Digital-Control\Weekly Projects\UART_FuncGen\STM32F407VGTX_FLASH.ld" --specs=nosys.specs -Wl,-Map="UART_FuncGen.map" -Wl,--gc-sections -static --specs=nano.specs -mfpu=fpv4-sp-d16 -mfloat-abi=hard -mthumb -Wl,--start-group -lc -lm -Wl,--end-group
Finished building target: UART_FuncGen.elf
 
arm-none-eabi-size  UART_FuncGen.elf 
arm-none-eabi-objdump -h -S UART_FuncGen.elf  > "UART_FuncGen.list"
   text	   data	    bss	    dec	    hex	filename
  30540	    124	   4124	  34788	   87e4	UART_FuncGen.elf
Finished building: default.size.stdout
 
Finished building: UART_FuncGen.list
 
16:14:53 **** Incremental Build of configuration Debug for project UART_FuncGen ****
make -j12 all 
arm-none-eabi-gcc "../Core/Src/main.c" -mcpu=cortex-m4 -std=gnu11 -g3 -DDEBUG -DUSE_HAL_DRIVER -DSTM32F407xx -c -I../USB_HOST/App -I../USB_HOST/Target -I../Core/Inc -I../Drivers/STM32F4xx_HAL_Driver/Inc -I../Drivers/STM32F4xx_HAL_Driver/Inc/Legacy -I../Middlewares/ST/STM32_USB_Host_Library/Core/Inc -I../Middlewares/ST/STM32_USB_Host_Library/Class/CDC/Inc -I../Drivers/CMSIS/Device/ST/STM32F4xx/Include -I../Drivers/CMSIS/Include -O0 -ffunction-sections -fdata-sections -Wall -fstack-usage -fcyclomatic-complexity -MMD -MP -MF"Core/Src/main.d" -MT"Core/Src/main.o" --specs=nano.specs -mfpu=fpv4-sp-d16 -mfloat-abi=hard -mthumb -o "Core/Src/main.o"
../Core/Src/main.c: In function 'main':
../Core/Src/main.c:118:63: warning: implicit declaration of function 'strlen' [-Wimplicit-function-declaration]
  118 |                  HAL_UART_Transmit(&huart5, (uint8_t*)buffer, strlen(buffer), 500);
      |                                                               ^~~~~~
../Core/Src/main.c:22:1: note: include '<string.h>' or provide a declaration of 'strlen'
   21 | #include "usb_host.h"
  +++ |+#include <string.h>
   22 | 
../Core/Src/main.c:118:63: warning: incompatible implicit declaration of built-in function 'strlen' [-Wbuiltin-declaration-mismatch]
  118 |                  HAL_UART_Transmit(&huart5, (uint8_t*)buffer, strlen(buffer), 500);
      |                                                               ^~~~~~
../Core/Src/main.c:118:63: note: include '<string.h>' or provide a declaration of 'strlen'
arm-none-eabi-gcc -o "UART_FuncGen.elf" @"objects.list"   -mcpu=cortex-m4 -T"E:\Courses\23-24-II\Introduction of Measurement and Digital Control\2324II-Measurement-and-Digital-Control\Weekly Projects\UART_FuncGen\STM32F407VGTX_FLASH.ld" --specs=nosys.specs -Wl,-Map="UART_FuncGen.map" -Wl,--gc-sections -static --specs=nano.specs -mfpu=fpv4-sp-d16 -mfloat-abi=hard -mthumb -Wl,--start-group -lc -lm -Wl,--end-group
Finished building target: UART_FuncGen.elf
 
arm-none-eabi-size  UART_FuncGen.elf 
arm-none-eabi-objdump -h -S UART_FuncGen.elf  > "UART_FuncGen.list"
   text	   data	    bss	    dec	    hex	filename
  30556	    124	   4124	  34804	   87f4	UART_FuncGen.elf
Finished building: default.size.stdout
 
Finished building: UART_FuncGen.list
 
