00:45:16 **** Incremental Build of configuration Debug for project UART_Oscilloscope ****
make -j12 all 
arm-none-eabi-gcc "../Core/Src/main.c" -mcpu=cortex-m4 -std=gnu11 -g3 -DDEBUG -DUSE_HAL_DRIVER -DSTM32F407xx -c -I../USB_HOST/App -I../USB_HOST/Target -I../Core/Inc -I../Drivers/STM32F4xx_HAL_Driver/Inc -I../Drivers/STM32F4xx_HAL_Driver/Inc/Legacy -I../Middlewares/ST/STM32_USB_Host_Library/Core/Inc -I../Middlewares/ST/STM32_USB_Host_Library/Class/CDC/Inc -I../Drivers/CMSIS/Device/ST/STM32F4xx/Include -I../Drivers/CMSIS/Include -O0 -ffunction-sections -fdata-sections -Wall -fstack-usage -fcyclomatic-complexity -MMD -MP -MF"Core/Src/main.d" -MT"Core/Src/main.o" --specs=nano.specs -mfpu=fpv4-sp-d16 -mfloat-abi=hard -mthumb -o "Core/Src/main.o"
arm-none-eabi-gcc -o "UART_Oscilloscope.elf" @"objects.list"   -mcpu=cortex-m4 -T"E:\Courses\23-24-II\Introduction of Measurement and Digital Control\2324II-Measurement-and-Digital-Control\Weekly Projects\UART_Oscilloscope\STM32F407VGTX_FLASH.ld" --specs=nosys.specs -Wl,-Map="UART_Oscilloscope.map" -Wl,--gc-sections -static --specs=nano.specs -mfpu=fpv4-sp-d16 -mfloat-abi=hard -mthumb -Wl,--start-group -lc -lm -Wl,--end-group
Finished building target: UART_Oscilloscope.elf
 
arm-none-eabi-size  UART_Oscilloscope.elf 
arm-none-eabi-objdump -h -S UART_Oscilloscope.elf  > "UART_Oscilloscope.list"
   text	   data	    bss	    dec	    hex	filename
  31180	    124	   4028	  35332	   8a04	UART_Oscilloscope.elf
Finished building: default.size.stdout
 
Finished building: UART_Oscilloscope.list
 
