16:14:53 **** Incremental Build of configuration Debug for project UART_FuncGen ****
make -j12 all 
arm-none-eabi-gcc "../Core/Src/main.c" -mcpu=cortex-m4 -std=gnu11 -g3 -DDEBUG -DUSE_HAL_DRIVER -DSTM32F407xx -c -I../USB_HOST/App -I../USB_HOST/Target -I../Core/Inc -I../Drivers/STM32F4xx_HAL_Driver/Inc -I../Drivers/STM32F4xx_HAL_Driver/Inc/Legacy -I../Middlewares/ST/STM32_USB_Host_Library/Core/Inc -I../Middlewares/ST/STM32_USB_Host_Library/Class/CDC/Inc -I../Drivers/CMSIS/Device/ST/STM32F4xx/Include -I../Drivers/CMSIS/Include -O0 -ffunction-sections -fdata-sections -Wall -fstack-usage -fcyclomatic-complexity -MMD -MP -MF"Core/Src/main.d" -MT"Core/Src/main.o" --specs=nano.specs -mfpu=fpv4-sp-d16 -mfloat-abi=hard -mthumb -o "Core/Src/main.o"
../Core/Src/main.c: In function 'main':
../Core/Src/main.c:118:63: warning: implicit declaration of function 'strlen' [-Wimplicit-function-declaration]
  118 |                  HAL_UART_Transmit(&huart5, (uint8_t*)buffer, strlen(buffer), 500);
      |                                                               ^~~~~~
../Core/Src/main.c:22:1: note: include '<string.h>' or provide a declaration of 'strlen'
   21 | #include "usb_host.h"
  +++ |+#include <string.h>
   22 | 
../Core/Src/main.c:118:63: warning: incompatible implicit declaration of built-in function 'strlen' [-Wbuiltin-declaration-mismatch]
  118 |                  HAL_UART_Transmit(&huart5, (uint8_t*)buffer, strlen(buffer), 500);
      |                                                               ^~~~~~
../Core/Src/main.c:118:63: note: include '<string.h>' or provide a declaration of 'strlen'
arm-none-eabi-gcc -o "UART_FuncGen.elf" @"objects.list"   -mcpu=cortex-m4 -T"E:\Courses\23-24-II\Introduction of Measurement and Digital Control\2324II-Measurement-and-Digital-Control\Weekly Projects\UART_FuncGen\STM32F407VGTX_FLASH.ld" --specs=nosys.specs -Wl,-Map="UART_FuncGen.map" -Wl,--gc-sections -static --specs=nano.specs -mfpu=fpv4-sp-d16 -mfloat-abi=hard -mthumb -Wl,--start-group -lc -lm -Wl,--end-group
Finished building target: UART_FuncGen.elf
 
arm-none-eabi-size  UART_FuncGen.elf 
arm-none-eabi-objdump -h -S UART_FuncGen.elf  > "UART_FuncGen.list"
   text	   data	    bss	    dec	    hex	filename
  30556	    124	   4124	  34804	   87f4	UART_FuncGen.elf
Finished building: default.size.stdout
 
Finished building: UART_FuncGen.list
 

16:14:55 Build Finished. 0 errors, 2 warnings. (took 1s.387ms)

